Archive member included to satisfy reference by file (symbol)

/usr/bin/../lib/gcc/arm-none-eabi/7.2.1/../../../../arm-none-eabi/lib/thumb/v7-m/libc_nano.a(lib_a-exit.o)
                              /usr/bin/../lib/gcc/arm-none-eabi/7.2.1/../../../../arm-none-eabi/lib/thumb/v7-m/crt0.o (exit)
/usr/bin/../lib/gcc/arm-none-eabi/7.2.1/../../../../arm-none-eabi/lib/thumb/v7-m/libc_nano.a(lib_a-impure.o)
                              /usr/bin/../lib/gcc/arm-none-eabi/7.2.1/../../../../arm-none-eabi/lib/thumb/v7-m/libc_nano.a(lib_a-exit.o) (_global_impure_ptr)
/usr/bin/../lib/gcc/arm-none-eabi/7.2.1/../../../../arm-none-eabi/lib/thumb/v7-m/libc_nano.a(lib_a-init.o)
                              /usr/bin/../lib/gcc/arm-none-eabi/7.2.1/../../../../arm-none-eabi/lib/thumb/v7-m/crt0.o (__libc_init_array)
/usr/bin/../lib/gcc/arm-none-eabi/7.2.1/../../../../arm-none-eabi/lib/thumb/v7-m/libc_nano.a(lib_a-memset.o)
                              /usr/bin/../lib/gcc/arm-none-eabi/7.2.1/../../../../arm-none-eabi/lib/thumb/v7-m/crt0.o (memset)
/usr/bin/../lib/gcc/arm-none-eabi/7.2.1/../../../../arm-none-eabi/lib/thumb/v7-m/libc_nano.a(lib_a-printf.o)
                              build/bldc.o (printf)
/usr/bin/../lib/gcc/arm-none-eabi/7.2.1/../../../../arm-none-eabi/lib/thumb/v7-m/libc_nano.a(lib_a-puts.o)
                              build/bldc.o (puts)
/usr/bin/../lib/gcc/arm-none-eabi/7.2.1/../../../../arm-none-eabi/lib/thumb/v7-m/libc_nano.a(lib_a-reent.o)
                              build/syscalls.o (errno)
/usr/bin/../lib/gcc/arm-none-eabi/7.2.1/../../../../arm-none-eabi/lib/thumb/v7-m/libc_nano.a(lib_a-wbuf.o)
                              /usr/bin/../lib/gcc/arm-none-eabi/7.2.1/../../../../arm-none-eabi/lib/thumb/v7-m/libc_nano.a(lib_a-puts.o) (__swbuf_r)
/usr/bin/../lib/gcc/arm-none-eabi/7.2.1/../../../../arm-none-eabi/lib/thumb/v7-m/libc_nano.a(lib_a-wsetup.o)
                              /usr/bin/../lib/gcc/arm-none-eabi/7.2.1/../../../../arm-none-eabi/lib/thumb/v7-m/libc_nano.a(lib_a-puts.o) (__swsetup_r)
/usr/bin/../lib/gcc/arm-none-eabi/7.2.1/../../../../arm-none-eabi/lib/thumb/v7-m/libc_nano.a(lib_a-fflush.o)
                              /usr/bin/../lib/gcc/arm-none-eabi/7.2.1/../../../../arm-none-eabi/lib/thumb/v7-m/libc_nano.a(lib_a-wbuf.o) (_fflush_r)
/usr/bin/../lib/gcc/arm-none-eabi/7.2.1/../../../../arm-none-eabi/lib/thumb/v7-m/libc_nano.a(lib_a-findfp.o)
                              /usr/bin/../lib/gcc/arm-none-eabi/7.2.1/../../../../arm-none-eabi/lib/thumb/v7-m/libc_nano.a(lib_a-printf.o) (__sinit)
/usr/bin/../lib/gcc/arm-none-eabi/7.2.1/../../../../arm-none-eabi/lib/thumb/v7-m/libc_nano.a(lib_a-fwalk.o)
                              /usr/bin/../lib/gcc/arm-none-eabi/7.2.1/../../../../arm-none-eabi/lib/thumb/v7-m/libc_nano.a(lib_a-findfp.o) (_fwalk)
/usr/bin/../lib/gcc/arm-none-eabi/7.2.1/../../../../arm-none-eabi/lib/thumb/v7-m/libc_nano.a(lib_a-makebuf.o)
                              /usr/bin/../lib/gcc/arm-none-eabi/7.2.1/../../../../arm-none-eabi/lib/thumb/v7-m/libc_nano.a(lib_a-wsetup.o) (__smakebuf_r)
/usr/bin/../lib/gcc/arm-none-eabi/7.2.1/../../../../arm-none-eabi/lib/thumb/v7-m/libc_nano.a(lib_a-nano-freer.o)
                              /usr/bin/../lib/gcc/arm-none-eabi/7.2.1/../../../../arm-none-eabi/lib/thumb/v7-m/libc_nano.a(lib_a-reent.o) (_free_r)
/usr/bin/../lib/gcc/arm-none-eabi/7.2.1/../../../../arm-none-eabi/lib/thumb/v7-m/libc_nano.a(lib_a-nano-mallocr.o)
                              /usr/bin/../lib/gcc/arm-none-eabi/7.2.1/../../../../arm-none-eabi/lib/thumb/v7-m/libc_nano.a(lib_a-findfp.o) (_malloc_r)
/usr/bin/../lib/gcc/arm-none-eabi/7.2.1/../../../../arm-none-eabi/lib/thumb/v7-m/libc_nano.a(lib_a-nano-vfprintf.o)
                              /usr/bin/../lib/gcc/arm-none-eabi/7.2.1/../../../../arm-none-eabi/lib/thumb/v7-m/libc_nano.a(lib_a-printf.o) (_vfprintf_r)
/usr/bin/../lib/gcc/arm-none-eabi/7.2.1/../../../../arm-none-eabi/lib/thumb/v7-m/libc_nano.a(lib_a-nano-vfprintf_i.o)
                              /usr/bin/../lib/gcc/arm-none-eabi/7.2.1/../../../../arm-none-eabi/lib/thumb/v7-m/libc_nano.a(lib_a-nano-vfprintf.o) (_printf_i)
/usr/bin/../lib/gcc/arm-none-eabi/7.2.1/../../../../arm-none-eabi/lib/thumb/v7-m/libc_nano.a(lib_a-sbrkr.o)
                              /usr/bin/../lib/gcc/arm-none-eabi/7.2.1/../../../../arm-none-eabi/lib/thumb/v7-m/libc_nano.a(lib_a-nano-mallocr.o) (_sbrk_r)
/usr/bin/../lib/gcc/arm-none-eabi/7.2.1/../../../../arm-none-eabi/lib/thumb/v7-m/libc_nano.a(lib_a-stdio.o)
                              /usr/bin/../lib/gcc/arm-none-eabi/7.2.1/../../../../arm-none-eabi/lib/thumb/v7-m/libc_nano.a(lib_a-findfp.o) (__sread)
/usr/bin/../lib/gcc/arm-none-eabi/7.2.1/../../../../arm-none-eabi/lib/thumb/v7-m/libc_nano.a(lib_a-writer.o)
                              /usr/bin/../lib/gcc/arm-none-eabi/7.2.1/../../../../arm-none-eabi/lib/thumb/v7-m/libc_nano.a(lib_a-stdio.o) (_write_r)
[...]
Memory Configuration

Name             Origin             Length             Attributes
FLASH            0x0000000008000000 0x0000000000040000 xr
RAM              0x0000000020000000 0x000000000000c000 xrw
*default*        0x0000000000000000 0xffffffffffffffff

Linker script and memory map

LOAD /usr/bin/../lib/gcc/arm-none-eabi/7.2.1/thumb/v7-m/crti.o
LOAD /usr/bin/../lib/gcc/arm-none-eabi/7.2.1/thumb/v7-m/crtbegin.o
LOAD /usr/bin/../lib/gcc/arm-none-eabi/7.2.1/../../../../arm-none-eabi/lib/thumb/v7-m/crt0.o
LOAD build/stm32f1xx_hal_adc.o
LOAD build/stm32f1xx_hal_adc_ex.o
LOAD build/stm32f1xx_hal_flash.o
LOAD build/stm32f1xx_hal_cortex.o
LOAD build/stm32f1xx_hal.o
LOAD build/stm32f1xx_hal_gpio.o
LOAD build/stm32f1xx_hal_tim_ex.o
LOAD build/stm32f1xx_hal_flash_ex.o
LOAD build/stm32f1xx_hal_pwr.o
LOAD build/stm32f1xx_hal_rcc.o
LOAD build/stm32f1xx_hal_rcc_ex.o
LOAD build/stm32f1xx_hal_tim.o
LOAD build/stm32f1xx_hal_dma.o
LOAD build/stm32f1xx_hal_gpio_ex.o
LOAD build/stm32f1xx_hal_uart.o
LOAD build/stm32f1xx_hal_usart.o
LOAD build/stm32f1_easyco.o
LOAD build/bsp_adc.o
LOAD build/bsp_tim.o
LOAD build/main.o
LOAD build/system.o
LOAD build/syscalls.o
LOAD build/system_stm32f1xx.o
LOAD build/stm32f1xx_it.o
LOAD build/adc.o
LOAD build/pwm.o
LOAD build/comm.o
LOAD build/bldc.o
LOAD build/startup_stm32f103xb.o
LOAD /usr/bin/../lib/gcc/arm-none-eabi/7.2.1/../../../../arm-none-eabi/lib/thumb/v7-m/libc_nano.a
LOAD /usr/bin/../lib/gcc/arm-none-eabi/7.2.1/../../../../arm-none-eabi/lib/thumb/v7-m/libm.a
LOAD /usr/bin/../lib/gcc/arm-none-eabi/7.2.1/../../../../arm-none-eabi/lib/thumb/v7-m/libnosys.a
START GROUP
LOAD /usr/bin/../lib/gcc/arm-none-eabi/7.2.1/thumb/v7-m/libgcc.a
LOAD /usr/bin/../lib/gcc/arm-none-eabi/7.2.1/../../../../arm-none-eabi/lib/thumb/v7-m/libc_nano.a
END GROUP
START GROUP
LOAD /usr/bin/../lib/gcc/arm-none-eabi/7.2.1/thumb/v7-m/libgcc.a
LOAD /usr/bin/../lib/gcc/arm-none-eabi/7.2.1/../../../../arm-none-eabi/lib/thumb/v7-m/libc_nano.a
END GROUP
LOAD /usr/bin/../lib/gcc/arm-none-eabi/7.2.1/thumb/v7-m/crtend.o
LOAD /usr/bin/../lib/gcc/arm-none-eabi/7.2.1/thumb/v7-m/crtn.o
                0x0000000020005000                _estack = 0x20005000
                0x0000000000000200                _Min_Heap_Size = 0x200
                0x0000000000000400                _Min_Stack_Size = 0x400

.isr_vector     0x0000000008000000      0x10c
                0x0000000008000000                . = ALIGN (0x4)
 *(.isr_vector)
 .isr_vector    0x0000000008000000      0x10c build/startup_stm32f103xb.o
                0x0000000008000000                g_pfnVectors
                0x000000000800010c                . = ALIGN (0x4)

.text           0x000000000800010c     0x3b5c
                0x000000000800010c                . = ALIGN (0x4)
 *(.text)
 .text          0x000000000800010c       0x40 /usr/bin/../lib/gcc/arm-none-eabi/7.2.1/thumb/v7-m/crtbegin.o
 *(.text*)
 .text.HAL_ADC_MspInit
                0x000000000800014c        0x2 build/stm32f1xx_hal_adc.o
                0x000000000800014c                HAL_ADC_MspInit
 *fill*         0x000000000800014e        0x2 
 .text.HAL_ADC_ConfigChannel
                0x0000000008000150      0x1bc build/stm32f1xx_hal_adc.o
                0x0000000008000150                HAL_ADC_ConfigChannel
 .text.ADC_Enable
                0x000000000800030c       0x80 build/stm32f1xx_hal_adc.o
                0x000000000800030c                ADC_Enable
 .text.ADC_ConversionStop_Disable
                0x000000000800038c       0x4c build/stm32f1xx_hal_adc.o
                0x000000000800038c                ADC_ConversionStop_Disable
 .text.HAL_ADC_Init
                0x00000000080003d8      0x13c build/stm32f1xx_hal_adc.o
                0x00000000080003d8                HAL_ADC_Init
 .text.HAL_ADCEx_Calibration_Start
                0x0000000008000514       0xec build/stm32f1xx_hal_adc_ex.o
                0x0000000008000514                HAL_ADCEx_Calibration_Start
 .text.HAL_ADCEx_InjectedConfigChannel
                0x0000000008000600      0x2a0 build/stm32f1xx_hal_adc_ex.o
                0x0000000008000600                HAL_ADCEx_InjectedConfigChannel
 .text.HAL_NVIC_SetPriorityGrouping
                0x00000000080008a0       0x24 build/stm32f1xx_hal_cortex.o
                0x00000000080008a0                HAL_NVIC_SetPriorityGrouping
 .text.HAL_NVIC_SetPriority
                0x00000000080008c4       0x68 build/stm32f1xx_hal_cortex.o
                0x00000000080008c4                HAL_NVIC_SetPriority
 .text.HAL_NVIC_EnableIRQ
                0x000000000800092c       0x18 build/stm32f1xx_hal_cortex.o
                0x000000000800092c                HAL_NVIC_EnableIRQ
 .text.HAL_SYSTICK_Config
                0x0000000008000944       0x2c build/stm32f1xx_hal_cortex.o
                0x0000000008000944                HAL_SYSTICK_Config
 .text.HAL_SYSTICK_CLKSourceConfig
                0x0000000008000970       0x20 build/stm32f1xx_hal_cortex.o
                0x0000000008000970                HAL_SYSTICK_CLKSourceConfig
 .text.HAL_MspInit
                0x0000000008000990        0x2 build/stm32f1xx_hal.o
                0x0000000008000990                HAL_MspInit
 *fill*         0x0000000008000992        0x2 
 .text.HAL_InitTick
                0x0000000008000994       0x28 build/stm32f1xx_hal.o
                0x0000000008000994                HAL_InitTick
 .text.HAL_Init
                0x00000000080009bc       0x24 build/stm32f1xx_hal.o
                0x00000000080009bc                HAL_Init
 .text.HAL_IncTick
                0x00000000080009e0       0x10 build/stm32f1xx_hal.o
                0x00000000080009e0                HAL_IncTick
 .text.HAL_GetTick
                0x00000000080009f0        0xc build/stm32f1xx_hal.o
                0x00000000080009f0                HAL_GetTick
 .text.HAL_Delay
                0x00000000080009fc       0x1c build/stm32f1xx_hal.o
                0x00000000080009fc                HAL_Delay
 .text.HAL_GPIO_Init
                0x0000000008000a18      0x1d4 build/stm32f1xx_hal_gpio.o
                0x0000000008000a18                HAL_GPIO_Init
 .text.HAL_GPIO_ReadPin
                0x0000000008000bec        0xe build/stm32f1xx_hal_gpio.o
                0x0000000008000bec                HAL_GPIO_ReadPin
 .text.HAL_GPIO_TogglePin
                0x0000000008000bfa        0x8 build/stm32f1xx_hal_gpio.o
                0x0000000008000bfa                HAL_GPIO_TogglePin
 .text.HAL_TIMEx_MasterConfigSynchronization
                0x0000000008000c02       0x52 build/stm32f1xx_hal_tim_ex.o
                0x0000000008000c02                HAL_TIMEx_MasterConfigSynchronization
 .text.HAL_RCC_OscConfig
                0x0000000008000c54      0x5e4 build/stm32f1xx_hal_rcc.o
                0x0000000008000c54                HAL_RCC_OscConfig
 .text.HAL_RCC_GetSysClockFreq
                0x0000000008001238       0x8c build/stm32f1xx_hal_rcc.o
                0x0000000008001238                HAL_RCC_GetSysClockFreq
 .text.HAL_RCC_ClockConfig
                0x00000000080012c4      0x1d4 build/stm32f1xx_hal_rcc.o
                0x00000000080012c4                HAL_RCC_ClockConfig
 .text.HAL_RCC_GetHCLKFreq
                0x0000000008001498        0xc build/stm32f1xx_hal_rcc.o
                0x0000000008001498                HAL_RCC_GetHCLKFreq
 .text.HAL_RCC_GetPCLK1Freq
                0x00000000080014a4       0x2c build/stm32f1xx_hal_rcc.o
                0x00000000080014a4                HAL_RCC_GetPCLK1Freq
 .text.HAL_RCC_GetPCLK2Freq
                0x00000000080014d0       0x2c build/stm32f1xx_hal_rcc.o
                0x00000000080014d0                HAL_RCC_GetPCLK2Freq
 .text.HAL_RCCEx_PeriphCLKConfig
                0x00000000080014fc      0x138 build/stm32f1xx_hal_rcc_ex.o
                0x00000000080014fc                HAL_RCCEx_PeriphCLKConfig
 .text.HAL_RCCEx_GetPeriphCLKFreq
                0x0000000008001634      0x128 build/stm32f1xx_hal_rcc_ex.o
                0x0000000008001634                HAL_RCCEx_GetPeriphCLKFreq
 .text.TIM_OC1_SetConfig
                0x000000000800175c       0x5c build/stm32f1xx_hal_tim.o
 .text.TIM_OC3_SetConfig
                0x00000000080017b8       0x64 build/stm32f1xx_hal_tim.o
 .text.TIM_OC4_SetConfig
                0x000000000800181c       0x48 build/stm32f1xx_hal_tim.o
 .text.TIM_TI1_ConfigInputStage
                0x0000000008001864       0x24 build/stm32f1xx_hal_tim.o
 .text.TIM_TI2_ConfigInputStage
                0x0000000008001888       0x26 build/stm32f1xx_hal_tim.o
 .text.TIM_ETR_SetConfig
                0x00000000080018ae       0x16 build/stm32f1xx_hal_tim.o
 .text.TIM_SlaveTimer_SetConfig
                0x00000000080018c4       0x74 build/stm32f1xx_hal_tim.o
 .text.HAL_TIM_Base_MspInit
                0x0000000008001938        0x2 build/stm32f1xx_hal_tim.o
                0x0000000008001938                HAL_TIM_Base_MspInit
 .text.HAL_TIM_Base_Start
                0x000000000800193a       0x1a build/stm32f1xx_hal_tim.o
                0x000000000800193a                HAL_TIM_Base_Start
 .text.HAL_TIM_PWM_MspInit
                0x0000000008001954        0x2 build/stm32f1xx_hal_tim.o
                0x0000000008001954                HAL_TIM_PWM_MspInit
 .text.HAL_TIM_SlaveConfigSynchronization
                0x0000000008001956       0x40 build/stm32f1xx_hal_tim.o
                0x0000000008001956                HAL_TIM_SlaveConfigSynchronization
 *fill*         0x0000000008001996        0x2 
 .text.TIM_Base_SetConfig
                0x0000000008001998       0x6c build/stm32f1xx_hal_tim.o
                0x0000000008001998                TIM_Base_SetConfig
 .text.HAL_TIM_Base_Init
                0x0000000008001a04       0x32 build/stm32f1xx_hal_tim.o
                0x0000000008001a04                HAL_TIM_Base_Init
 .text.HAL_TIM_PWM_Init
                0x0000000008001a36       0x32 build/stm32f1xx_hal_tim.o
                0x0000000008001a36                HAL_TIM_PWM_Init
 .text.TIM_OC2_SetConfig
                0x0000000008001a68       0x64 build/stm32f1xx_hal_tim.o
                0x0000000008001a68                TIM_OC2_SetConfig
 .text.HAL_TIM_PWM_ConfigChannel
                0x0000000008001acc       0xdc build/stm32f1xx_hal_tim.o
                0x0000000008001acc                HAL_TIM_PWM_ConfigChannel
 .text.HAL_DMA_Init
                0x0000000008001ba8       0x52 build/stm32f1xx_hal_dma.o
                0x0000000008001ba8                HAL_DMA_Init
 *fill*         0x0000000008001bfa        0x2 
 .text.UART_SetConfig
                0x0000000008001bfc      0x1ac build/stm32f1xx_hal_uart.o
 .text.UART_WaitOnFlagUntilTimeout
                0x0000000008001da8       0xca build/stm32f1xx_hal_uart.o
 .text.HAL_UART_MspInit
                0x0000000008001e72        0x2 build/stm32f1xx_hal_uart.o
                0x0000000008001e72                HAL_UART_MspInit
 .text.HAL_UART_Init
                0x0000000008001e74       0x5a build/stm32f1xx_hal_uart.o
                0x0000000008001e74                HAL_UART_Init
 .text.HAL_UART_Transmit
                0x0000000008001ece       0xe8 build/stm32f1xx_hal_uart.o
                0x0000000008001ece                HAL_UART_Transmit
 *fill*         0x0000000008001fb6        0x2 
 .text.BSP_InitLED
                0x0000000008001fb8       0x54 build/stm32f1_easyco.o
 .text.BSP_InitButton
                0x000000000800200c       0x44 build/stm32f1_easyco.o
 .text.BSP_InitUART
                0x0000000008002050       0x40 build/stm32f1_easyco.o
 .text.BSP_InitPWM
                0x0000000008002090       0x68 build/stm32f1_easyco.o
 .text.BSP_InitADC
                0x00000000080020f8       0xa0 build/stm32f1_easyco.o
 .text.BSP_Init
                0x0000000008002198       0x18 build/stm32f1_easyco.o
                0x0000000008002198                BSP_Init
 .text.UART_Init
                0x00000000080021b0       0x48 build/stm32f1_easyco.o
                0x00000000080021b0                UART_Init
 .text.Button_IsPush
                0x00000000080021f8       0x1c build/stm32f1_easyco.o
                0x00000000080021f8                Button_IsPush
 .text.ADC_InitDMA
                0x0000000008002214       0x70 build/bsp_adc.o
 .text.ADC_Init
                0x0000000008002284      0x128 build/bsp_adc.o
                0x0000000008002284                ADC_Init
 .text.TIM_InitPwm
                0x00000000080023ac       0xc8 build/bsp_tim.o
                0x00000000080023ac                TIM_InitPwm
 .text.TIM_InitComm
                0x0000000008002474       0x70 build/bsp_tim.o
                0x0000000008002474                TIM_InitComm
 .text.TIM_InitCrossCnt
                0x00000000080024e4       0x60 build/bsp_tim.o
                0x00000000080024e4                TIM_InitCrossCnt
 .text.TIM_InitAdcTrigger
                0x0000000008002544       0x78 build/bsp_tim.o
                0x0000000008002544                TIM_InitAdcTrigger
 .text.main     0x00000000080025bc       0x5c build/main.o
                0x00000000080025bc                main
 .text.SystemClock_Config
                0x0000000008002618       0x6c build/system.o
                0x0000000008002618                SystemClock_Config
 .text.__io_putchar
                0x0000000008002684       0x20 build/system.o
                0x0000000008002684                __io_putchar
 .text._read    0x00000000080026a4       0x1c build/syscalls.o
                0x00000000080026a4                _read
 .text._write   0x00000000080026c0       0x1c build/syscalls.o
                0x00000000080026c0                _write
 .text._sbrk    0x00000000080026dc       0x3c build/syscalls.o
                0x00000000080026dc                _sbrk
 .text._close   0x0000000008002718        0x6 build/syscalls.o
                0x0000000008002718                _close
 .text._fstat   0x000000000800271e        0xa build/syscalls.o
                0x000000000800271e                _fstat
 .text._isatty  0x0000000008002728        0x4 build/syscalls.o
                0x0000000008002728                _isatty
 .text._lseek   0x000000000800272c        0x4 build/syscalls.o
                0x000000000800272c                _lseek
 .text.SystemInit
                0x0000000008002730       0x4c build/system_stm32f1xx.o
                0x0000000008002730                SystemInit
 .text.NMI_Handler
                0x000000000800277c        0x2 build/stm32f1xx_it.o
                0x000000000800277c                NMI_Handler
 .text.HardFault_Handler
                0x000000000800277e        0x2 build/stm32f1xx_it.o
                0x000000000800277e                HardFault_Handler
 .text.MemManage_Handler
                0x0000000008002780        0x2 build/stm32f1xx_it.o
                0x0000000008002780                MemManage_Handler
 .text.BusFault_Handler
                0x0000000008002782        0x2 build/stm32f1xx_it.o
                0x0000000008002782                BusFault_Handler
 .text.UsageFault_Handler
                0x0000000008002784        0x2 build/stm32f1xx_it.o
                0x0000000008002784                UsageFault_Handler
 .text.SVC_Handler
                0x0000000008002786        0x2 build/stm32f1xx_it.o
                0x0000000008002786                SVC_Handler
 .text.DebugMon_Handler
                0x0000000008002788        0x2 build/stm32f1xx_it.o
                0x0000000008002788                DebugMon_Handler
 .text.PendSV_Handler
                0x000000000800278a        0x2 build/stm32f1xx_it.o
                0x000000000800278a                PendSV_Handler
 .text.SysTick_Handler
                0x000000000800278c        0xc build/stm32f1xx_it.o
                0x000000000800278c                SysTick_Handler
 .text.TIM2_IRQHandler
                0x0000000008002798       0x22 build/stm32f1xx_it.o
                0x0000000008002798                TIM2_IRQHandler
 *fill*         0x00000000080027ba        0x2 
 .text.ADC1_2_IRQHandler
                0x00000000080027bc       0x38 build/stm32f1xx_it.o
                0x00000000080027bc                ADC1_2_IRQHandler
 .text.DMA1_Channel1_IRQHandler
                0x00000000080027f4       0x18 build/stm32f1xx_it.o
                0x00000000080027f4                DMA1_Channel1_IRQHandler
 .text.BLDC_StopAdc
                0x000000000800280c       0x28 build/adc.o
                0x000000000800280c                BLDC_StopAdc
 .text.BLDC_StartAdc
                0x0000000008002834       0x20 build/adc.o
                0x0000000008002834                BLDC_StartAdc
 .text.BLDC_StartPWM
                0x0000000008002854       0x18 build/pwm.o
                0x0000000008002854                BLDC_StartPWM
 .text.BLDC_StopPWM
                0x000000000800286c       0x18 build/pwm.o
                0x000000000800286c                BLDC_StopPWM
 .text.BLDC_UpdatePwmDuty
                0x0000000008002884       0x10 build/pwm.o
                0x0000000008002884                BLDC_UpdatePwmDuty
 .text.BLDC_CommPWM
                0x0000000008002894       0x1c build/comm.o
                0x0000000008002894                BLDC_CommPWM
 .text.BLDC_StartAutoComm
                0x00000000080028b0       0x1a build/comm.o
                0x00000000080028b0                BLDC_StartAutoComm
 .text.BLDC_StopAutoComm
                0x00000000080028ca       0x1e build/comm.o
                0x00000000080028ca                BLDC_StopAutoComm
 .text.BLDC_UpdateCommPeriod
                0x00000000080028e8        0x8 build/comm.o
                0x00000000080028e8                BLDC_UpdateCommPeriod
 .text.BLDC_IsZeroCross
                0x00000000080028f0       0x94 build/bldc.o
 .text.BLDC_CommCallback
                0x0000000008002984       0x3c build/bldc.o
                0x0000000008002984                BLDC_CommCallback
 .text.BLDC_CheckZeroCrossCallback
                0x00000000080029c0       0xe0 build/bldc.o
                0x00000000080029c0                BLDC_CheckZeroCrossCallback
 .text.BLDC_StartUp
                0x0000000008002aa0       0xa4 build/bldc.o
                0x0000000008002aa0                BLDC_StartUp
 .text.BLDC_TaskCallback
                0x0000000008002b44      0x1c8 build/bldc.o
                0x0000000008002b44                BLDC_TaskCallback
 .text.Reset_Handler
                0x0000000008002d0c       0x48 build/startup_stm32f103xb.o
                0x0000000008002d0c                Reset_Handler
 .text.Default_Handler
                0x0000000008002d54        0x2 build/startup_stm32f103xb.o
                0x0000000008002d54                RTC_Alarm_IRQHandler
                0x0000000008002d54                EXTI2_IRQHandler
                0x0000000008002d54                TIM1_CC_IRQHandler
                0x0000000008002d54                PVD_IRQHandler
                0x0000000008002d54                EXTI3_IRQHandler
                0x0000000008002d54                EXTI0_IRQHandler
                0x0000000008002d54                I2C2_EV_IRQHandler
                0x0000000008002d54                SPI1_IRQHandler
                0x0000000008002d54                TAMPER_IRQHandler
                0x0000000008002d54                DMA1_Channel4_IRQHandler
                0x0000000008002d54                USART3_IRQHandler
                0x0000000008002d54                RTC_IRQHandler
                0x0000000008002d54                DMA1_Channel7_IRQHandler
                0x0000000008002d54                CAN1_RX1_IRQHandler
                0x0000000008002d54                TIM4_IRQHandler
                0x0000000008002d54                I2C1_EV_IRQHandler
                0x0000000008002d54                DMA1_Channel6_IRQHandler
                0x0000000008002d54                TIM3_IRQHandler
                0x0000000008002d54                RCC_IRQHandler
                0x0000000008002d54                TIM1_TRG_COM_IRQHandler
                0x0000000008002d54                Default_Handler
                0x0000000008002d54                EXTI15_10_IRQHandler
                0x0000000008002d54                EXTI9_5_IRQHandler
                0x0000000008002d54                SPI2_IRQHandler
                0x0000000008002d54                DMA1_Channel5_IRQHandler
                0x0000000008002d54                EXTI4_IRQHandler
                0x0000000008002d54                USB_LP_CAN1_RX0_IRQHandler
                0x0000000008002d54                USB_HP_CAN1_TX_IRQHandler
                0x0000000008002d54                DMA1_Channel3_IRQHandler
                0x0000000008002d54                TIM1_UP_IRQHandler
                0x0000000008002d54                WWDG_IRQHandler
                0x0000000008002d54                TIM1_BRK_IRQHandler
                0x0000000008002d54                EXTI1_IRQHandler
                0x0000000008002d54                USART2_IRQHandler
                0x0000000008002d54                I2C2_ER_IRQHandler
                0x0000000008002d54                DMA1_Channel2_IRQHandler
                0x0000000008002d54                CAN1_SCE_IRQHandler
                0x0000000008002d54                FLASH_IRQHandler
                0x0000000008002d54                USART1_IRQHandler
                0x0000000008002d54                I2C1_ER_IRQHandler
                0x0000000008002d54                USBWakeUp_IRQHandler
 *fill*         0x0000000008002d56        0x2 
 .text.__libc_init_array
                0x0000000008002d58       0x48 /usr/bin/../lib/gcc/arm-none-eabi/7.2.1/../../../../arm-none-eabi/lib/thumb/v7-m/libc_nano.a(lib_a-init.o)
                0x0000000008002d58                __libc_init_array
 .text.memset   0x0000000008002da0       0x10 /usr/bin/../lib/gcc/arm-none-eabi/7.2.1/../../../../arm-none-eabi/lib/thumb/v7-m/libc_nano.a(lib_a-memset.o)
                0x0000000008002da0                memset
 .text.printf   0x0000000008002db0       0x30 /usr/bin/../lib/gcc/arm-none-eabi/7.2.1/../../../../arm-none-eabi/lib/thumb/v7-m/libc_nano.a(lib_a-printf.o)
                0x0000000008002db0                printf
                0x0000000008002db0                iprintf
 .text._puts_r  0x0000000008002de0       0xb8 /usr/bin/../lib/gcc/arm-none-eabi/7.2.1/../../../../arm-none-eabi/lib/thumb/v7-m/libc_nano.a(lib_a-puts.o)
                0x0000000008002de0                _puts_r
 .text.puts     0x0000000008002e98       0x10 /usr/bin/../lib/gcc/arm-none-eabi/7.2.1/../../../../arm-none-eabi/lib/thumb/v7-m/libc_nano.a(lib_a-puts.o)
                0x0000000008002e98                puts
 .text.__swbuf_r
                0x0000000008002ea8       0xa4 /usr/bin/../lib/gcc/arm-none-eabi/7.2.1/../../../../arm-none-eabi/lib/thumb/v7-m/libc_nano.a(lib_a-wbuf.o)
                0x0000000008002ea8                __swbuf_r
 .text.__swsetup_r
                0x0000000008002f4c       0xdc /usr/bin/../lib/gcc/arm-none-eabi/7.2.1/../../../../arm-none-eabi/lib/thumb/v7-m/libc_nano.a(lib_a-wsetup.o)
                0x0000000008002f4c                __swsetup_r
 .text.__sflush_r
                0x0000000008003028      0x10c /usr/bin/../lib/gcc/arm-none-eabi/7.2.1/../../../../arm-none-eabi/lib/thumb/v7-m/libc_nano.a(lib_a-fflush.o)
                0x0000000008003028                __sflush_r
 .text._fflush_r
                0x0000000008003134       0x54 /usr/bin/../lib/gcc/arm-none-eabi/7.2.1/../../../../arm-none-eabi/lib/thumb/v7-m/libc_nano.a(lib_a-fflush.o)
                0x0000000008003134                _fflush_r
 .text.std      0x0000000008003188       0x48 /usr/bin/../lib/gcc/arm-none-eabi/7.2.1/../../../../arm-none-eabi/lib/thumb/v7-m/libc_nano.a(lib_a-findfp.o)
 .text._cleanup_r
                0x00000000080031d0        0xc /usr/bin/../lib/gcc/arm-none-eabi/7.2.1/../../../../arm-none-eabi/lib/thumb/v7-m/libc_nano.a(lib_a-findfp.o)
                0x00000000080031d0                _cleanup_r
 .text.__sfmoreglue
                0x00000000080031dc       0x2c /usr/bin/../lib/gcc/arm-none-eabi/7.2.1/../../../../arm-none-eabi/lib/thumb/v7-m/libc_nano.a(lib_a-findfp.o)
                0x00000000080031dc                __sfmoreglue
 .text.__sinit  0x0000000008003208       0x60 /usr/bin/../lib/gcc/arm-none-eabi/7.2.1/../../../../arm-none-eabi/lib/thumb/v7-m/libc_nano.a(lib_a-findfp.o)
                0x0000000008003208                __sinit
 .text.__sfp    0x0000000008003268       0x78 /usr/bin/../lib/gcc/arm-none-eabi/7.2.1/../../../../arm-none-eabi/lib/thumb/v7-m/libc_nano.a(lib_a-findfp.o)
                0x0000000008003268                __sfp
 .text._fwalk_reent
                0x00000000080032e0       0x3c /usr/bin/../lib/gcc/arm-none-eabi/7.2.1/../../../../arm-none-eabi/lib/thumb/v7-m/libc_nano.a(lib_a-fwalk.o)
                0x00000000080032e0                _fwalk_reent
 .text.__swhatbuf_r
                0x000000000800331c       0x48 /usr/bin/../lib/gcc/arm-none-eabi/7.2.1/../../../../arm-none-eabi/lib/thumb/v7-m/libc_nano.a(lib_a-makebuf.o)
                0x000000000800331c                __swhatbuf_r
 .text.__smakebuf_r
                0x0000000008003364       0x80 /usr/bin/../lib/gcc/arm-none-eabi/7.2.1/../../../../arm-none-eabi/lib/thumb/v7-m/libc_nano.a(lib_a-makebuf.o)
                0x0000000008003364                __smakebuf_r
 .text._free_r  0x00000000080033e4       0x98 /usr/bin/../lib/gcc/arm-none-eabi/7.2.1/../../../../arm-none-eabi/lib/thumb/v7-m/libc_nano.a(lib_a-nano-freer.o)
                0x00000000080033e4                _free_r
 .text._malloc_r
                0x000000000800347c       0xb4 /usr/bin/../lib/gcc/arm-none-eabi/7.2.1/../../../../arm-none-eabi/lib/thumb/v7-m/libc_nano.a(lib_a-nano-mallocr.o)
                0x000000000800347c                _malloc_r
 .text.__sfputc_r
                0x0000000008003530       0x2a /usr/bin/../lib/gcc/arm-none-eabi/7.2.1/../../../../arm-none-eabi/lib/thumb/v7-m/libc_nano.a(lib_a-nano-vfprintf.o)
 .text.__sfputs_r
                0x000000000800355a       0x24 /usr/bin/../lib/gcc/arm-none-eabi/7.2.1/../../../../arm-none-eabi/lib/thumb/v7-m/libc_nano.a(lib_a-nano-vfprintf.o)
                0x000000000800355a                __sfputs_r
 *fill*         0x000000000800357e        0x2 
 .text._vfprintf_r
                0x0000000008003580      0x228 /usr/bin/../lib/gcc/arm-none-eabi/7.2.1/../../../../arm-none-eabi/lib/thumb/v7-m/libc_nano.a(lib_a-nano-vfprintf.o)
                0x0000000008003580                _vfiprintf_r
                0x0000000008003580                _vfprintf_r
 .text._printf_common
                0x00000000080037a8       0xec /usr/bin/../lib/gcc/arm-none-eabi/7.2.1/../../../../arm-none-eabi/lib/thumb/v7-m/libc_nano.a(lib_a-nano-vfprintf_i.o)
                0x00000000080037a8                _printf_common
 .text._printf_i
                0x0000000008003894      0x224 /usr/bin/../lib/gcc/arm-none-eabi/7.2.1/../../../../arm-none-eabi/lib/thumb/v7-m/libc_nano.a(lib_a-nano-vfprintf_i.o)
                0x0000000008003894                _printf_i
 .text._sbrk_r  0x0000000008003ab8       0x20 /usr/bin/../lib/gcc/arm-none-eabi/7.2.1/../../../../arm-none-eabi/lib/thumb/v7-m/libc_nano.a(lib_a-sbrkr.o)
                0x0000000008003ab8                _sbrk_r
 .text.__sread  0x0000000008003ad8       0x22 /usr/bin/../lib/gcc/arm-none-eabi/7.2.1/../../../../arm-none-eabi/lib/thumb/v7-m/libc_nano.a(lib_a-stdio.o)
                0x0000000008003ad8                __sread
 .text.__swrite
                0x0000000008003afa       0x38 /usr/bin/../lib/gcc/arm-none-eabi/7.2.1/../../../../arm-none-eabi/lib/thumb/v7-m/libc_nano.a(lib_a-stdio.o)
                0x0000000008003afa                __swrite
 .text.__sseek  0x0000000008003b32       0x24 /usr/bin/../lib/gcc/arm-none-eabi/7.2.1/../../../../arm-none-eabi/lib/thumb/v7-m/libc_nano.a(lib_a-stdio.o)
                0x0000000008003b32                __sseek
 .text.__sclose
                0x0000000008003b56        0x8 /usr/bin/../lib/gcc/arm-none-eabi/7.2.1/../../../../arm-none-eabi/lib/thumb/v7-m/libc_nano.a(lib_a-stdio.o)
                0x0000000008003b56                __sclose
 *fill*         0x0000000008003b5e        0x2 
 .text._write_r
                0x0000000008003b60       0x24 /usr/bin/../lib/gcc/arm-none-eabi/7.2.1/../../../../arm-none-eabi/lib/thumb/v7-m/libc_nano.a(lib_a-writer.o)
                0x0000000008003b60                _write_r
 .text._close_r
                0x0000000008003b84       0x20 /usr/bin/../lib/gcc/arm-none-eabi/7.2.1/../../../../arm-none-eabi/lib/thumb/v7-m/libc_nano.a(lib_a-closer.o)
                0x0000000008003b84                _close_r
 .text._fstat_r
                0x0000000008003ba4       0x24 /usr/bin/../lib/gcc/arm-none-eabi/7.2.1/../../../../arm-none-eabi/lib/thumb/v7-m/libc_nano.a(lib_a-fstatr.o)
                0x0000000008003ba4                _fstat_r
 .text._isatty_r
                0x0000000008003bc8       0x20 /usr/bin/../lib/gcc/arm-none-eabi/7.2.1/../../../../arm-none-eabi/lib/thumb/v7-m/libc_nano.a(lib_a-isattyr.o)
                0x0000000008003bc8                _isatty_r
 .text._lseek_r
                0x0000000008003be8       0x24 /usr/bin/../lib/gcc/arm-none-eabi/7.2.1/../../../../arm-none-eabi/lib/thumb/v7-m/libc_nano.a(lib_a-lseekr.o)
                0x0000000008003be8                _lseek_r
 .text.memchr   0x0000000008003c0c       0x1c /usr/bin/../lib/gcc/arm-none-eabi/7.2.1/../../../../arm-none-eabi/lib/thumb/v7-m/libc_nano.a(lib_a-memchr-stub.o)
                0x0000000008003c0c                memchr
 .text.__malloc_lock
                0x0000000008003c28        0x2 /usr/bin/../lib/gcc/arm-none-eabi/7.2.1/../../../../arm-none-eabi/lib/thumb/v7-m/libc_nano.a(lib_a-mlock.o)
                0x0000000008003c28                __malloc_lock
 .text.__malloc_unlock
                0x0000000008003c2a        0x2 /usr/bin/../lib/gcc/arm-none-eabi/7.2.1/../../../../arm-none-eabi/lib/thumb/v7-m/libc_nano.a(lib_a-mlock.o)
                0x0000000008003c2a                __malloc_unlock
 .text._read_r  0x0000000008003c2c       0x24 /usr/bin/../lib/gcc/arm-none-eabi/7.2.1/../../../../arm-none-eabi/lib/thumb/v7-m/libc_nano.a(lib_a-readr.o)
                0x0000000008003c2c                _read_r
 *(.glue_7)
 .glue_7        0x0000000008003c50        0x0 linker stubs
 *(.glue_7t)
 .glue_7t       0x0000000008003c50        0x0 linker stubs
 *(.eh_frame)
 .eh_frame      0x0000000008003c50        0x0 /usr/bin/../lib/gcc/arm-none-eabi/7.2.1/thumb/v7-m/crtbegin.o
 *(.init)
 .init          0x0000000008003c50        0x4 /usr/bin/../lib/gcc/arm-none-eabi/7.2.1/thumb/v7-m/crti.o
                0x0000000008003c50                _init
 .init          0x0000000008003c54        0x8 /usr/bin/../lib/gcc/arm-none-eabi/7.2.1/thumb/v7-m/crtn.o
 *(.fini)
 .fini          0x0000000008003c5c        0x4 /usr/bin/../lib/gcc/arm-none-eabi/7.2.1/thumb/v7-m/crti.o
                0x0000000008003c5c                _fini
 .fini          0x0000000008003c60        0x8 /usr/bin/../lib/gcc/arm-none-eabi/7.2.1/thumb/v7-m/crtn.o
                0x0000000008003c68                . = ALIGN (0x4)
                0x0000000008003c68                _etext = .

.vfp11_veneer   0x0000000008003c68        0x0
 .vfp11_veneer  0x0000000008003c68        0x0 linker stubs

.v4_bx          0x0000000008003c68        0x0
 .v4_bx         0x0000000008003c68        0x0 linker stubs

.iplt           0x0000000008003c68        0x0
 .iplt          0x0000000008003c68        0x0 /usr/bin/../lib/gcc/arm-none-eabi/7.2.1/thumb/v7-m/crtbegin.o

.rodata         0x0000000008003c68      0x13c
                0x0000000008003c68                . = ALIGN (0x4)
 *(.rodata)
 .rodata        0x0000000008003c68       0x12 build/stm32f1xx_hal_rcc.o
 *fill*         0x0000000008003c7a        0x2 
 .rodata        0x0000000008003c7c       0x12 build/stm32f1xx_hal_rcc_ex.o
 *(.rodata*)
 *fill*         0x0000000008003c8e        0x2 
 .rodata.AHBPrescTable
                0x0000000008003c90       0x10 build/system_stm32f1xx.o
                0x0000000008003c90                AHBPrescTable
 .rodata.APBPrescTable
                0x0000000008003ca0        0x8 build/system_stm32f1xx.o
                0x0000000008003ca0                APBPrescTable
 .rodata.PwmCommTable
                0x0000000008003ca8        0xc build/comm.o
                0x0000000008003ca8                PwmCommTable
 .rodata.BLDC_StartUp.str1.4
                0x0000000008003cb4       0x27 build/bldc.o
 *fill*         0x0000000008003cdb        0x1 
 .rodata.BLDC_TaskCallback.str1.4
                0x0000000008003cdc       0x10 build/bldc.o
 .rodata.BemfAdcIndexTable
                0x0000000008003cec        0x6 build/bldc.o
                0x0000000008003cec                BemfAdcIndexTable
 *fill*         0x0000000008003cf2        0x2 
 .rodata.BemfDirTable
                0x0000000008003cf4        0xc build/bldc.o
                0x0000000008003cf4                BemfDirTable
 .rodata.NextPhaseTable
                0x0000000008003d00        0xc build/bldc.o
                0x0000000008003d00                NextPhaseTable
 .rodata._global_impure_ptr
                0x0000000008003d0c        0x4 /usr/bin/../lib/gcc/arm-none-eabi/7.2.1/../../../../arm-none-eabi/lib/thumb/v7-m/libc_nano.a(lib_a-impure.o)
                0x0000000008003d0c                _global_impure_ptr
 .rodata.__sf_fake_stderr
                0x0000000008003d10       0x20 /usr/bin/../lib/gcc/arm-none-eabi/7.2.1/../../../../arm-none-eabi/lib/thumb/v7-m/libc_nano.a(lib_a-findfp.o)
                0x0000000008003d10                __sf_fake_stderr
 .rodata.__sf_fake_stdin
                0x0000000008003d30       0x20 /usr/bin/../lib/gcc/arm-none-eabi/7.2.1/../../../../arm-none-eabi/lib/thumb/v7-m/libc_nano.a(lib_a-findfp.o)
                0x0000000008003d30                __sf_fake_stdin
 .rodata.__sf_fake_stdout
                0x0000000008003d50       0x20 /usr/bin/../lib/gcc/arm-none-eabi/7.2.1/../../../../arm-none-eabi/lib/thumb/v7-m/libc_nano.a(lib_a-findfp.o)
                0x0000000008003d50                __sf_fake_stdout
 .rodata._vfprintf_r.str1.1
                0x0000000008003d70       0x11 /usr/bin/../lib/gcc/arm-none-eabi/7.2.1/../../../../arm-none-eabi/lib/thumb/v7-m/libc_nano.a(lib_a-nano-vfprintf.o)
 .rodata._printf_i.str1.1
                0x0000000008003d81       0x22 /usr/bin/../lib/gcc/arm-none-eabi/7.2.1/../../../../arm-none-eabi/lib/thumb/v7-m/libc_nano.a(lib_a-nano-vfprintf_i.o)
                0x0000000008003da4                . = ALIGN (0x4)
 *fill*         0x0000000008003da3        0x1 

.rel.dyn        0x0000000008003da4        0x0
 .rel.iplt      0x0000000008003da4        0x0 /usr/bin/../lib/gcc/arm-none-eabi/7.2.1/thumb/v7-m/crtbegin.o

.ARM.extab
 *(.ARM.extab* .gnu.linkonce.armextab.*)

.ARM            0x0000000008003da4        0x0
                0x0000000008003da4                __exidx_start = .
 *(.ARM.exidx*)
                0x0000000008003da4                __exidx_end = .

.preinit_array  0x0000000008003da4        0x0
                0x0000000008003da4                PROVIDE (__preinit_array_start, .)
 *(.preinit_array*)
                0x0000000008003da4                PROVIDE (__preinit_array_end, .)

.init_array     0x0000000008003da4        0x4
                0x0000000008003da4                PROVIDE (__init_array_start, .)
 *(SORT_BY_NAME(.init_array.*))
 *(.init_array*)
 .init_array    0x0000000008003da4        0x4 /usr/bin/../lib/gcc/arm-none-eabi/7.2.1/thumb/v7-m/crtbegin.o
                0x0000000008003da8                PROVIDE (__init_array_end, .)

.fini_array     0x0000000008003da8        0x4
                [!provide]                        PROVIDE (__fini_array_start, .)
 *(SORT_BY_NAME(.fini_array.*))
 *(.fini_array*)
 .fini_array    0x0000000008003da8        0x4 /usr/bin/../lib/gcc/arm-none-eabi/7.2.1/thumb/v7-m/crtbegin.o
                [!provide]                        PROVIDE (__fini_array_end, .)
                0x0000000008003dac                _sidata = LOADADDR (.data)

.data           0x0000000020000000       0x68 load address 0x0000000008003dac
                0x0000000020000000                . = ALIGN (0x4)
                0x0000000020000000                _sdata = .
 *(.data)
 *(.data*)
 .data.SystemCoreClock
                0x0000000020000000        0x4 build/system_stm32f1xx.o
                0x0000000020000000                SystemCoreClock
 .data._impure_ptr
                0x0000000020000004        0x4 /usr/bin/../lib/gcc/arm-none-eabi/7.2.1/../../../../arm-none-eabi/lib/thumb/v7-m/libc_nano.a(lib_a-impure.o)
                0x0000000020000004                _impure_ptr
 .data.impure_data
                0x0000000020000008       0x60 /usr/bin/../lib/gcc/arm-none-eabi/7.2.1/../../../../arm-none-eabi/lib/thumb/v7-m/libc_nano.a(lib_a-impure.o)
                0x0000000020000068                . = ALIGN (0x4)
                0x0000000020000068                _edata = .

.igot.plt       0x0000000020000068        0x0 load address 0x0000000008003e14
 .igot.plt      0x0000000020000068        0x0 /usr/bin/../lib/gcc/arm-none-eabi/7.2.1/thumb/v7-m/crtbegin.o
                0x0000000020000068                . = ALIGN (0x4)

.bss            0x0000000020000068      0x1fc load address 0x0000000008003e14
                0x0000000020000068                _sbss = .
                0x0000000020000068                __bss_start__ = _sbss
 *(.bss)
 .bss           0x0000000020000068       0x1c /usr/bin/../lib/gcc/arm-none-eabi/7.2.1/thumb/v7-m/crtbegin.o
 *(.bss*)
 .bss.uwTick    0x0000000020000084        0x4 build/stm32f1xx_hal.o
 .bss.DmaHandle.8227
                0x0000000020000088       0x38 build/bsp_adc.o
 .bss.htimZcnt.8247
                0x00000000200000c0       0x3c build/bsp_tim.o
 .bss.heap_end.5959
                0x00000000200000fc        0x4 build/syscalls.o
 .bss.bRef      0x0000000020000100        0x2 build/bldc.o
 .bss.buttonCnt.8290
                0x0000000020000102        0x1 build/bldc.o
 *fill*         0x0000000020000103        0x1 
 .bss.n.8285    0x0000000020000104        0x2 build/bldc.o
 .bss.taskCnt.8289
                0x0000000020000106        0x2 build/bldc.o
 .bss.zTime     0x0000000020000108        0x4 build/bldc.o
 .bss.__malloc_free_list
                0x000000002000010c        0x4 /usr/bin/../lib/gcc/arm-none-eabi/7.2.1/../../../../arm-none-eabi/lib/thumb/v7-m/libc_nano.a(lib_a-nano-mallocr.o)
                0x000000002000010c                __malloc_free_list
 .bss.__malloc_sbrk_start
                0x0000000020000110        0x4 /usr/bin/../lib/gcc/arm-none-eabi/7.2.1/../../../../arm-none-eabi/lib/thumb/v7-m/libc_nano.a(lib_a-nano-mallocr.o)
                0x0000000020000110                __malloc_sbrk_start
 *(COMMON)
 COMMON         0x0000000020000114       0x40 build/stm32f1_easyco.o
                0x0000000020000114                huart
 COMMON         0x0000000020000154       0x30 build/bsp_adc.o
                0x0000000020000154                hadc1
 COMMON         0x0000000020000184       0xb4 build/bsp_tim.o
                0x0000000020000184                htimComm
                0x00000000200001c0                htimPwm
                0x00000000200001fc                htimAdc
 COMMON         0x0000000020000238       0x28 build/bldc.o
                0x0000000020000238                Bldc
 COMMON         0x0000000020000260        0x4 /usr/bin/../lib/gcc/arm-none-eabi/7.2.1/../../../../arm-none-eabi/lib/thumb/v7-m/libc_nano.a(lib_a-reent.o)
                0x0000000020000260                errno
                0x0000000020000264                . = ALIGN (0x4)
                0x0000000020000264                _ebss = .
                0x0000000020000264                __bss_end__ = _ebss

._user_heap_stack
                0x0000000020000264      0x604 load address 0x0000000008003e14
                0x0000000020000268                . = ALIGN (0x8)
 *fill*         0x0000000020000264        0x4 
                0x0000000020000268                PROVIDE (end, .)
                [!provide]                        PROVIDE (_end, .)
                0x0000000020000468                . = (. + _Min_Heap_Size)
 *fill*         0x0000000020000268      0x200 
                0x0000000020000868                . = (. + _Min_Stack_Size)
 *fill*         0x0000000020000468      0x400 
                0x0000000020000868                . = ALIGN (0x8)

/DISCARD/
 libc.a(*)
 libm.a(*)
 libgcc.a(*)

.ARM.attributes
                0x0000000000000000       0x29
 *(.ARM.attributes)
 .ARM.attributes
                0x0000000000000000       0x1d /usr/bin/../lib/gcc/arm-none-eabi/7.2.1/thumb/v7-m/crti.o
 .ARM.attributes
                0x000000000000001d       0x2d /usr/bin/../lib/gcc/arm-none-eabi/7.2.1/thumb/v7-m/crtbegin.o
 .ARM.attributes
                0x000000000000004a       0x33 build/stm32f1xx_hal_adc.o
 .ARM.attributes
                0x000000000000007d       0x33 build/stm32f1xx_hal_adc_ex.o
 .ARM.attributes
                0x00000000000000b0       0x33 build/stm32f1xx_hal_cortex.o
 .ARM.attributes
                0x00000000000000e3       0x33 build/stm32f1xx_hal.o
 .ARM.attributes
                0x0000000000000116       0x33 build/stm32f1xx_hal_gpio.o
 .ARM.attributes
                0x0000000000000149       0x33 build/stm32f1xx_hal_tim_ex.o
 .ARM.attributes
                0x000000000000017c       0x33 build/stm32f1xx_hal_rcc.o
 .ARM.attributes
                0x00000000000001af       0x33 build/stm32f1xx_hal_rcc_ex.o
 .ARM.attributes
                0x00000000000001e2       0x33 build/stm32f1xx_hal_tim.o
 .ARM.attributes
                0x0000000000000215       0x33 build/stm32f1xx_hal_dma.o
 .ARM.attributes
                0x0000000000000248       0x33 build/stm32f1xx_hal_uart.o
 .ARM.attributes
                0x000000000000027b       0x33 build/stm32f1_easyco.o
 .ARM.attributes
                0x00000000000002ae       0x33 build/bsp_adc.o
 .ARM.attributes
                0x00000000000002e1       0x33 build/bsp_tim.o
 .ARM.attributes
                0x0000000000000314       0x33 build/main.o
 .ARM.attributes
                0x0000000000000347       0x33 build/system.o
 .ARM.attributes
                0x000000000000037a       0x33 build/syscalls.o
 .ARM.attributes
                0x00000000000003ad       0x33 build/system_stm32f1xx.o
 .ARM.attributes
                0x00000000000003e0       0x33 build/stm32f1xx_it.o
 .ARM.attributes
                0x0000000000000413       0x33 build/adc.o
 .ARM.attributes
                0x0000000000000446       0x33 build/pwm.o
 .ARM.attributes
                0x0000000000000479       0x33 build/comm.o
 .ARM.attributes
                0x00000000000004ac       0x33 build/bldc.o
 .ARM.attributes
                0x00000000000004df       0x21 build/startup_stm32f103xb.o
 .ARM.attributes
                0x0000000000000500       0x2d /usr/bin/../lib/gcc/arm-none-eabi/7.2.1/../../../../arm-none-eabi/lib/thumb/v7-m/libc_nano.a(lib_a-impure.o)
 .ARM.attributes
                0x000000000000052d       0x2d /usr/bin/../lib/gcc/arm-none-eabi/7.2.1/../../../../arm-none-eabi/lib/thumb/v7-m/libc_nano.a(lib_a-init.o)
 .ARM.attributes
                0x000000000000055a       0x2d /usr/bin/../lib/gcc/arm-none-eabi/7.2.1/../../../../arm-none-eabi/lib/thumb/v7-m/libc_nano.a(lib_a-memset.o)
 .ARM.attributes
                0x0000000000000587       0x2d /usr/bin/../lib/gcc/arm-none-eabi/7.2.1/../../../../arm-none-eabi/lib/thumb/v7-m/libc_nano.a(lib_a-printf.o)
 .ARM.attributes
                0x00000000000005b4       0x2d /usr/bin/../lib/gcc/arm-none-eabi/7.2.1/../../../../arm-none-eabi/lib/thumb/v7-m/libc_nano.a(lib_a-puts.o)
 .ARM.attributes
                0x00000000000005e1       0x2d /usr/bin/../lib/gcc/arm-none-eabi/7.2.1/../../../../arm-none-eabi/lib/thumb/v7-m/libc_nano.a(lib_a-reent.o)
 .ARM.attributes
                0x000000000000060e       0x2d /usr/bin/../lib/gcc/arm-none-eabi/7.2.1/../../../../arm-none-eabi/lib/thumb/v7-m/libc_nano.a(lib_a-wbuf.o)
 .ARM.attributes
                0x000000000000063b       0x2d /usr/bin/../lib/gcc/arm-none-eabi/7.2.1/../../../../arm-none-eabi/lib/thumb/v7-m/libc_nano.a(lib_a-wsetup.o)
 .ARM.attributes
                0x0000000000000668       0x2d /usr/bin/../lib/gcc/arm-none-eabi/7.2.1/../../../../arm-none-eabi/lib/thumb/v7-m/libc_nano.a(lib_a-fflush.o)
 .ARM.attributes
                0x0000000000000695       0x2d /usr/bin/../lib/gcc/arm-none-eabi/7.2.1/../../../../arm-none-eabi/lib/thumb/v7-m/libc_nano.a(lib_a-findfp.o)
 .ARM.attributes
                0x00000000000006c2       0x2d /usr/bin/../lib/gcc/arm-none-eabi/7.2.1/../../../../arm-none-eabi/lib/thumb/v7-m/libc_nano.a(lib_a-fwalk.o)
 .ARM.attributes
                0x00000000000006ef       0x2d /usr/bin/../lib/gcc/arm-none-eabi/7.2.1/../../../../arm-none-eabi/lib/thumb/v7-m/libc_nano.a(lib_a-makebuf.o)
 .ARM.attributes
                0x000000000000071c       0x2d /usr/bin/../lib/gcc/arm-none-eabi/7.2.1/../../../../arm-none-eabi/lib/thumb/v7-m/libc_nano.a(lib_a-nano-freer.o)
 .ARM.attributes
                0x0000000000000749       0x2d /usr/bin/../lib/gcc/arm-none-eabi/7.2.1/../../../../arm-none-eabi/lib/thumb/v7-m/libc_nano.a(lib_a-nano-mallocr.o)
 .ARM.attributes
                0x0000000000000776       0x2d /usr/bin/../lib/gcc/arm-none-eabi/7.2.1/../../../../arm-none-eabi/lib/thumb/v7-m/libc_nano.a(lib_a-nano-vfprintf.o)
 .ARM.attributes
                0x00000000000007a3       0x2d /usr/bin/../lib/gcc/arm-none-eabi/7.2.1/../../../../arm-none-eabi/lib/thumb/v7-m/libc_nano.a(lib_a-nano-vfprintf_i.o)
 .ARM.attributes
                0x00000000000007d0       0x2d /usr/bin/../lib/gcc/arm-none-eabi/7.2.1/../../../../arm-none-eabi/lib/thumb/v7-m/libc_nano.a(lib_a-sbrkr.o)
 .ARM.attributes
                0x00000000000007fd       0x2d /usr/bin/../lib/gcc/arm-none-eabi/7.2.1/../../../../arm-none-eabi/lib/thumb/v7-m/libc_nano.a(lib_a-stdio.o)
 .ARM.attributes
                0x000000000000082a       0x2d /usr/bin/../lib/gcc/arm-none-eabi/7.2.1/../../../../arm-none-eabi/lib/thumb/v7-m/libc_nano.a(lib_a-writer.o)
 .ARM.attributes
                0x0000000000000857       0x2d /usr/bin/../lib/gcc/arm-none-eabi/7.2.1/../../../../arm-none-eabi/lib/thumb/v7-m/libc_nano.a(lib_a-closer.o)
 .ARM.attributes
                0x0000000000000884       0x2d /usr/bin/../lib/gcc/arm-none-eabi/7.2.1/../../../../arm-none-eabi/lib/thumb/v7-m/libc_nano.a(lib_a-fstatr.o)
 .ARM.attributes
                0x00000000000008b1       0x2d /usr/bin/../lib/gcc/arm-none-eabi/7.2.1/../../../../arm-none-eabi/lib/thumb/v7-m/libc_nano.a(lib_a-isattyr.o)
 .ARM.attributes
                0x00000000000008de       0x2d /usr/bin/../lib/gcc/arm-none-eabi/7.2.1/../../../../arm-none-eabi/lib/thumb/v7-m/libc_nano.a(lib_a-lseekr.o)
 .ARM.attributes
                0x000000000000090b       0x2d /usr/bin/../lib/gcc/arm-none-eabi/7.2.1/../../../../arm-none-eabi/lib/thumb/v7-m/libc_nano.a(lib_a-memchr-stub.o)
 .ARM.attributes
                0x0000000000000938       0x2d /usr/bin/../lib/gcc/arm-none-eabi/7.2.1/../../../../arm-none-eabi/lib/thumb/v7-m/libc_nano.a(lib_a-mlock.o)
 .ARM.attributes
                0x0000000000000965       0x2d /usr/bin/../lib/gcc/arm-none-eabi/7.2.1/../../../../arm-none-eabi/lib/thumb/v7-m/libc_nano.a(lib_a-readr.o)
 .ARM.attributes
                0x0000000000000992       0x1d /usr/bin/../lib/gcc/arm-none-eabi/7.2.1/thumb/v7-m/crtn.o
OUTPUT(build/STM32F103_BLDC.elf elf32-littlearm)

.debug_info     0x0000000000000000    0x1da9d
 .debug_info    0x0000000000000000     0x1a39 build/stm32f1xx_hal_adc.o
 .debug_info    0x0000000000001a39     0x1670 build/stm32f1xx_hal_adc_ex.o
 .debug_info    0x00000000000030a9     0x1600 build/stm32f1xx_hal_cortex.o
 .debug_info    0x00000000000046a9     0x1088 build/stm32f1xx_hal.o
 .debug_info    0x0000000000005731      0xfd3 build/stm32f1xx_hal_gpio.o
 .debug_info    0x0000000000006704     0x1c99 build/stm32f1xx_hal_tim_ex.o
 .debug_info    0x000000000000839d     0x1c4e build/stm32f1xx_hal_rcc.o
 .debug_info    0x0000000000009feb      0xeef build/stm32f1xx_hal_rcc_ex.o
 .debug_info    0x000000000000aeda     0x3998 build/stm32f1xx_hal_tim.o
 .debug_info    0x000000000000e872     0x1007 build/stm32f1xx_hal_dma.o
 .debug_info    0x000000000000f879     0x1b54 build/stm32f1xx_hal_uart.o
 .debug_info    0x00000000000113cd     0x137e build/stm32f1_easyco.o
 .debug_info    0x000000000001274b     0x1504 build/bsp_adc.o
 .debug_info    0x0000000000013c4f     0x164f build/bsp_tim.o
 .debug_info    0x000000000001529e      0xcab build/main.o
 .debug_info    0x0000000000015f49     0x121d build/system.o
 .debug_info    0x0000000000017166     0x10fa build/syscalls.o
 .debug_info    0x0000000000018260      0xd44 build/system_stm32f1xx.o
 .debug_info    0x0000000000018fa4     0x103d build/stm32f1xx_it.o
 .debug_info    0x0000000000019fe1      0xda9 build/adc.o
 .debug_info    0x000000000001ad8a      0xd4a build/pwm.o
 .debug_info    0x000000000001bad4      0xd99 build/comm.o
 .debug_info    0x000000000001c86d     0x120e build/bldc.o
 .debug_info    0x000000000001da7b       0x22 build/startup_stm32f103xb.o

.debug_abbrev   0x0000000000000000     0x3cb2
 .debug_abbrev  0x0000000000000000      0x306 build/stm32f1xx_hal_adc.o
 .debug_abbrev  0x0000000000000306      0x32a build/stm32f1xx_hal_adc_ex.o
 .debug_abbrev  0x0000000000000630      0x3b7 build/stm32f1xx_hal_cortex.o
 .debug_abbrev  0x00000000000009e7      0x31a build/stm32f1xx_hal.o
 .debug_abbrev  0x0000000000000d01      0x2be build/stm32f1xx_hal_gpio.o
 .debug_abbrev  0x0000000000000fbf      0x2f8 build/stm32f1xx_hal_tim_ex.o
 .debug_abbrev  0x00000000000012b7      0x345 build/stm32f1xx_hal_rcc.o
 .debug_abbrev  0x00000000000015fc      0x2f7 build/stm32f1xx_hal_rcc_ex.o
 .debug_abbrev  0x00000000000018f3      0x31f build/stm32f1xx_hal_tim.o
 .debug_abbrev  0x0000000000001c12      0x2e1 build/stm32f1xx_hal_dma.o
 .debug_abbrev  0x0000000000001ef3      0x32f build/stm32f1xx_hal_uart.o
 .debug_abbrev  0x0000000000002222      0x25d build/stm32f1_easyco.o
 .debug_abbrev  0x000000000000247f      0x24a build/bsp_adc.o
 .debug_abbrev  0x00000000000026c9      0x257 build/bsp_tim.o
 .debug_abbrev  0x0000000000002920      0x206 build/main.o
 .debug_abbrev  0x0000000000002b26      0x259 build/system.o
 .debug_abbrev  0x0000000000002d7f      0x2d3 build/syscalls.o
 .debug_abbrev  0x0000000000003052      0x209 build/system_stm32f1xx.o
 .debug_abbrev  0x000000000000325b      0x204 build/stm32f1xx_it.o
 .debug_abbrev  0x000000000000345f      0x1bb build/adc.o
 .debug_abbrev  0x000000000000361a      0x1e4 build/pwm.o
 .debug_abbrev  0x00000000000037fe      0x20d build/comm.o
 .debug_abbrev  0x0000000000003a0b      0x295 build/bldc.o
 .debug_abbrev  0x0000000000003ca0       0x12 build/startup_stm32f103xb.o

.debug_loc      0x0000000000000000     0xa8fa
 .debug_loc     0x0000000000000000      0xe1f build/stm32f1xx_hal_adc.o
 .debug_loc     0x0000000000000e1f      0xa78 build/stm32f1xx_hal_adc_ex.o
 .debug_loc     0x0000000000001897      0x63d build/stm32f1xx_hal_cortex.o
 .debug_loc     0x0000000000001ed4      0x119 build/stm32f1xx_hal.o
 .debug_loc     0x0000000000001fed      0x516 build/stm32f1xx_hal_gpio.o
 .debug_loc     0x0000000000002503     0x1185 build/stm32f1xx_hal_tim_ex.o
 .debug_loc     0x0000000000003688      0xa04 build/stm32f1xx_hal_rcc.o
 .debug_loc     0x000000000000408c      0x3a6 build/stm32f1xx_hal_rcc_ex.o
 .debug_loc     0x0000000000004432     0x40e2 build/stm32f1xx_hal_tim.o
 .debug_loc     0x0000000000008514      0x542 build/stm32f1xx_hal_dma.o
 .debug_loc     0x0000000000008a56     0x1560 build/stm32f1xx_hal_uart.o
 .debug_loc     0x0000000000009fb6      0x190 build/stm32f1_easyco.o
 .debug_loc     0x000000000000a146       0x71 build/bsp_adc.o
 .debug_loc     0x000000000000a1b7       0xe1 build/bsp_tim.o
 .debug_loc     0x000000000000a298       0x2c build/main.o
 .debug_loc     0x000000000000a2c4       0x90 build/system.o
 .debug_loc     0x000000000000a354      0x3e7 build/syscalls.o
 .debug_loc     0x000000000000a73b       0xdf build/system_stm32f1xx.o
 .debug_loc     0x000000000000a81a       0x60 build/stm32f1xx_it.o
 .debug_loc     0x000000000000a87a       0x80 build/bldc.o

.debug_aranges  0x0000000000000000      0xd68
 .debug_aranges
                0x0000000000000000       0xf0 build/stm32f1xx_hal_adc.o
 .debug_aranges
                0x00000000000000f0       0x80 build/stm32f1xx_hal_adc_ex.o
 .debug_aranges
                0x0000000000000170       0x90 build/stm32f1xx_hal_cortex.o
 .debug_aranges
                0x0000000000000200       0xb0 build/stm32f1xx_hal.o
 .debug_aranges
                0x00000000000002b0       0x58 build/stm32f1xx_hal_gpio.o
 .debug_aranges
                0x0000000000000308      0x138 build/stm32f1xx_hal_tim_ex.o
 .debug_aranges
                0x0000000000000440       0x88 build/stm32f1xx_hal_rcc.o
 .debug_aranges
                0x00000000000004c8       0x30 build/stm32f1xx_hal_rcc_ex.o
 .debug_aranges
                0x00000000000004f8      0x368 build/stm32f1xx_hal_tim.o
 .debug_aranges
                0x0000000000000860       0x68 build/stm32f1xx_hal_dma.o
 .debug_aranges
                0x00000000000008c8      0x150 build/stm32f1xx_hal_uart.o
 .debug_aranges
                0x0000000000000a18       0x58 build/stm32f1_easyco.o
 .debug_aranges
                0x0000000000000a70       0x28 build/bsp_adc.o
 .debug_aranges
                0x0000000000000a98       0x38 build/bsp_tim.o
 .debug_aranges
                0x0000000000000ad0       0x20 build/main.o
 .debug_aranges
                0x0000000000000af0       0x30 build/system.o
 .debug_aranges
                0x0000000000000b20       0xb0 build/syscalls.o
 .debug_aranges
                0x0000000000000bd0       0x28 build/system_stm32f1xx.o
 .debug_aranges
                0x0000000000000bf8       0x78 build/stm32f1xx_it.o
 .debug_aranges
                0x0000000000000c70       0x28 build/adc.o
 .debug_aranges
                0x0000000000000c98       0x30 build/pwm.o
 .debug_aranges
                0x0000000000000cc8       0x38 build/comm.o
 .debug_aranges
                0x0000000000000d00       0x40 build/bldc.o
 .debug_aranges
                0x0000000000000d40       0x28 build/startup_stm32f103xb.o

.debug_ranges   0x0000000000000000      0xc50
 .debug_ranges  0x0000000000000000       0xe0 build/stm32f1xx_hal_adc.o
 .debug_ranges  0x00000000000000e0       0x70 build/stm32f1xx_hal_adc_ex.o
 .debug_ranges  0x0000000000000150       0xe0 build/stm32f1xx_hal_cortex.o
 .debug_ranges  0x0000000000000230       0xa0 build/stm32f1xx_hal.o
 .debug_ranges  0x00000000000002d0       0x48 build/stm32f1xx_hal_gpio.o
 .debug_ranges  0x0000000000000318      0x128 build/stm32f1xx_hal_tim_ex.o
 .debug_ranges  0x0000000000000440       0x78 build/stm32f1xx_hal_rcc.o
 .debug_ranges  0x00000000000004b8       0x20 build/stm32f1xx_hal_rcc_ex.o
 .debug_ranges  0x00000000000004d8      0x358 build/stm32f1xx_hal_tim.o
 .debug_ranges  0x0000000000000830       0x58 build/stm32f1xx_hal_dma.o
 .debug_ranges  0x0000000000000888      0x140 build/stm32f1xx_hal_uart.o
 .debug_ranges  0x00000000000009c8       0x48 build/stm32f1_easyco.o
 .debug_ranges  0x0000000000000a10       0x18 build/bsp_adc.o
 .debug_ranges  0x0000000000000a28       0x28 build/bsp_tim.o
 .debug_ranges  0x0000000000000a50       0x10 build/main.o
 .debug_ranges  0x0000000000000a60       0x20 build/system.o
 .debug_ranges  0x0000000000000a80       0xa0 build/syscalls.o
 .debug_ranges  0x0000000000000b20       0x18 build/system_stm32f1xx.o
 .debug_ranges  0x0000000000000b38       0x68 build/stm32f1xx_it.o
 .debug_ranges  0x0000000000000ba0       0x18 build/adc.o
 .debug_ranges  0x0000000000000bb8       0x20 build/pwm.o
 .debug_ranges  0x0000000000000bd8       0x28 build/comm.o
 .debug_ranges  0x0000000000000c00       0x30 build/bldc.o
 .debug_ranges  0x0000000000000c30       0x20 build/startup_stm32f103xb.o

.debug_line     0x0000000000000000     0x6cf7
 .debug_line    0x0000000000000000      0x886 build/stm32f1xx_hal_adc.o
 .debug_line    0x0000000000000886      0x6b5 build/stm32f1xx_hal_adc_ex.o
 .debug_line    0x0000000000000f3b      0x3a2 build/stm32f1xx_hal_cortex.o
 .debug_line    0x00000000000012dd      0x3be build/stm32f1xx_hal.o
 .debug_line    0x000000000000169b      0x3ee build/stm32f1xx_hal_gpio.o
 .debug_line    0x0000000000001a89      0x83a build/stm32f1xx_hal_tim_ex.o
 .debug_line    0x00000000000022c3      0x766 build/stm32f1xx_hal_rcc.o
 .debug_line    0x0000000000002a29      0x38c build/stm32f1xx_hal_rcc_ex.o
 .debug_line    0x0000000000002db5     0x1233 build/stm32f1xx_hal_tim.o
 .debug_line    0x0000000000003fe8      0x63c build/stm32f1xx_hal_dma.o
 .debug_line    0x0000000000004624      0x947 build/stm32f1xx_hal_uart.o
 .debug_line    0x0000000000004f6b      0x2f0 build/stm32f1_easyco.o
 .debug_line    0x000000000000525b      0x2d5 build/bsp_adc.o
 .debug_line    0x0000000000005530      0x2c7 build/bsp_tim.o
 .debug_line    0x00000000000057f7      0x217 build/main.o
 .debug_line    0x0000000000005a0e      0x294 build/system.o
 .debug_line    0x0000000000005ca2      0x2c1 build/syscalls.o
 .debug_line    0x0000000000005f63      0x1f1 build/system_stm32f1xx.o
 .debug_line    0x0000000000006154      0x2bb build/stm32f1xx_it.o
 .debug_line    0x000000000000640f      0x1b1 build/adc.o
 .debug_line    0x00000000000065c0      0x1c4 build/pwm.o
 .debug_line    0x0000000000006784      0x1d8 build/comm.o
 .debug_line    0x000000000000695c      0x329 build/bldc.o
 .debug_line    0x0000000000006c85       0x72 build/startup_stm32f103xb.o

.debug_str      0x0000000000000000     0x3f68
 .debug_str     0x0000000000000000      0xb88 build/stm32f1xx_hal_adc.o
                                        0xcac (size before relaxing)
 .debug_str     0x0000000000000b88      0x2a5 build/stm32f1xx_hal_adc_ex.o
                                        0xc5f (size before relaxing)
 .debug_str     0x0000000000000e2d      0x62c build/stm32f1xx_hal_cortex.o
                                        0xcb6 (size before relaxing)
 .debug_str     0x0000000000001459      0x23e build/stm32f1xx_hal.o
                                        0xb6a (size before relaxing)
 .debug_str     0x0000000000001697      0x1ea build/stm32f1xx_hal_gpio.o
                                        0x823 (size before relaxing)
 .debug_str     0x0000000000001881      0x7d6 build/stm32f1xx_hal_tim_ex.o
                                        0xfc8 (size before relaxing)
 .debug_str     0x0000000000002057      0x2e6 build/stm32f1xx_hal_rcc.o
                                        0x9e2 (size before relaxing)
 .debug_str     0x000000000000233d      0x124 build/stm32f1xx_hal_rcc_ex.o
                                        0x7d9 (size before relaxing)
 .debug_str     0x0000000000002461      0xc21 build/stm32f1xx_hal_tim.o
                                       0x172e (size before relaxing)
 .debug_str     0x0000000000003082      0x13d build/stm32f1xx_hal_dma.o
                                        0x90f (size before relaxing)
 .debug_str     0x00000000000031bf      0x53c build/stm32f1xx_hal_uart.o
                                        0xd89 (size before relaxing)
 .debug_str     0x00000000000036fb       0x83 build/stm32f1_easyco.o
                                        0xa42 (size before relaxing)
 .debug_str     0x000000000000377e      0x1c0 build/bsp_adc.o
                                        0xf7f (size before relaxing)
 .debug_str     0x000000000000393e       0x7f build/bsp_tim.o
                                       0x1033 (size before relaxing)
 .debug_str     0x00000000000039bd       0x24 build/main.o
                                        0x682 (size before relaxing)
 .debug_str     0x00000000000039e1       0x29 build/system.o
                                        0xda4 (size before relaxing)
 .debug_str     0x0000000000003a0a      0x24f build/syscalls.o
                                        0x7e9 (size before relaxing)
 .debug_str     0x0000000000003c59       0x4b build/system_stm32f1xx.o
                                        0x676 (size before relaxing)
 .debug_str     0x0000000000003ca4      0x11f build/stm32f1xx_it.o
                                        0x92b (size before relaxing)
 .debug_str     0x0000000000003dc3       0x26 build/adc.o
                                        0x7db (size before relaxing)
 .debug_str     0x0000000000003de9       0x3e build/pwm.o
                                        0x7be (size before relaxing)
 .debug_str     0x0000000000003e27       0x6e build/comm.o
                                        0x7ee (size before relaxing)
 .debug_str     0x0000000000003e95       0xae build/bldc.o
                                        0x994 (size before relaxing)
 .debug_str     0x0000000000003f43       0x25 build/startup_stm32f103xb.o
                                         0x35 (size before relaxing)

.comment        0x0000000000000000       0x7e
 .comment       0x0000000000000000       0x7e build/stm32f1xx_hal_adc.o
                                         0x7f (size before relaxing)
 .comment       0x000000000000007e       0x7f build/stm32f1xx_hal_adc_ex.o
 .comment       0x000000000000007e       0x7f build/stm32f1xx_hal_cortex.o
 .comment       0x000000000000007e       0x7f build/stm32f1xx_hal.o
 .comment       0x000000000000007e       0x7f build/stm32f1xx_hal_gpio.o
 .comment       0x000000000000007e       0x7f build/stm32f1xx_hal_tim_ex.o
 .comment       0x000000000000007e       0x7f build/stm32f1xx_hal_rcc.o
 .comment       0x000000000000007e       0x7f build/stm32f1xx_hal_rcc_ex.o
 .comment       0x000000000000007e       0x7f build/stm32f1xx_hal_tim.o
 .comment       0x000000000000007e       0x7f build/stm32f1xx_hal_dma.o
 .comment       0x000000000000007e       0x7f build/stm32f1xx_hal_uart.o
 .comment       0x000000000000007e       0x7f build/stm32f1_easyco.o
 .comment       0x000000000000007e       0x7f build/bsp_adc.o
 .comment       0x000000000000007e       0x7f build/bsp_tim.o
 .comment       0x000000000000007e       0x7f build/main.o
 .comment       0x000000000000007e       0x7f build/system.o
 .comment       0x000000000000007e       0x7f build/syscalls.o
 .comment       0x000000000000007e       0x7f build/system_stm32f1xx.o
 .comment       0x000000000000007e       0x7f build/stm32f1xx_it.o
 .comment       0x000000000000007e       0x7f build/adc.o
 .comment       0x000000000000007e       0x7f build/pwm.o
 .comment       0x000000000000007e       0x7f build/comm.o
 .comment       0x000000000000007e       0x7f build/bldc.o

.debug_frame    0x0000000000000000     0x2c98
 .debug_frame   0x0000000000000000      0x328 build/stm32f1xx_hal_adc.o
 .debug_frame   0x0000000000000328      0x1c4 build/stm32f1xx_hal_adc_ex.o
 .debug_frame   0x00000000000004ec      0x13c build/stm32f1xx_hal_cortex.o
 .debug_frame   0x0000000000000628      0x174 build/stm32f1xx_hal.o
 .debug_frame   0x000000000000079c       0xe8 build/stm32f1xx_hal_gpio.o
 .debug_frame   0x0000000000000884      0x3f0 build/stm32f1xx_hal_tim_ex.o
 .debug_frame   0x0000000000000c74      0x174 build/stm32f1xx_hal_rcc.o
 .debug_frame   0x0000000000000de8       0x74 build/stm32f1xx_hal_rcc_ex.o
 .debug_frame   0x0000000000000e5c      0xb1c build/stm32f1xx_hal_tim.o
 .debug_frame   0x0000000000001978      0x120 build/stm32f1xx_hal_dma.o
 .debug_frame   0x0000000000001a98      0x3e4 build/stm32f1xx_hal_uart.o
 .debug_frame   0x0000000000001e7c      0x10c build/stm32f1_easyco.o
 .debug_frame   0x0000000000001f88       0x64 build/bsp_adc.o
 .debug_frame   0x0000000000001fec       0xa4 build/bsp_tim.o
 .debug_frame   0x0000000000002090       0x2c build/main.o
 .debug_frame   0x00000000000020bc       0x64 build/system.o
 .debug_frame   0x0000000000002120      0x184 build/syscalls.o
 .debug_frame   0x00000000000022a4       0x30 build/system_stm32f1xx.o
 .debug_frame   0x00000000000022d4       0xf4 build/stm32f1xx_it.o
 .debug_frame   0x00000000000023c8       0x30 build/adc.o
 .debug_frame   0x00000000000023f8       0x40 build/pwm.o
 .debug_frame   0x0000000000002438       0x50 build/comm.o
 .debug_frame   0x0000000000002488       0x98 build/bldc.o
 .debug_frame   0x0000000000002520       0x2c /usr/bin/../lib/gcc/arm-none-eabi/7.2.1/../../../../arm-none-eabi/lib/thumb/v7-m/libc_nano.a(lib_a-init.o)
 .debug_frame   0x000000000000254c       0x20 /usr/bin/../lib/gcc/arm-none-eabi/7.2.1/../../../../arm-none-eabi/lib/thumb/v7-m/libc_nano.a(lib_a-memset.o)
 .debug_frame   0x000000000000256c       0x74 /usr/bin/../lib/gcc/arm-none-eabi/7.2.1/../../../../arm-none-eabi/lib/thumb/v7-m/libc_nano.a(lib_a-printf.o)
 .debug_frame   0x00000000000025e0       0x3c /usr/bin/../lib/gcc/arm-none-eabi/7.2.1/../../../../arm-none-eabi/lib/thumb/v7-m/libc_nano.a(lib_a-puts.o)
 .debug_frame   0x000000000000261c       0x5c /usr/bin/../lib/gcc/arm-none-eabi/7.2.1/../../../../arm-none-eabi/lib/thumb/v7-m/libc_nano.a(lib_a-reent.o)
 .debug_frame   0x0000000000002678       0x40 /usr/bin/../lib/gcc/arm-none-eabi/7.2.1/../../../../arm-none-eabi/lib/thumb/v7-m/libc_nano.a(lib_a-wbuf.o)
 .debug_frame   0x00000000000026b8       0x2c /usr/bin/../lib/gcc/arm-none-eabi/7.2.1/../../../../arm-none-eabi/lib/thumb/v7-m/libc_nano.a(lib_a-wsetup.o)
 .debug_frame   0x00000000000026e4       0x68 /usr/bin/../lib/gcc/arm-none-eabi/7.2.1/../../../../arm-none-eabi/lib/thumb/v7-m/libc_nano.a(lib_a-fflush.o)
 .debug_frame   0x000000000000274c      0x11c /usr/bin/../lib/gcc/arm-none-eabi/7.2.1/../../../../arm-none-eabi/lib/thumb/v7-m/libc_nano.a(lib_a-findfp.o)
 .debug_frame   0x0000000000002868       0x54 /usr/bin/../lib/gcc/arm-none-eabi/7.2.1/../../../../arm-none-eabi/lib/thumb/v7-m/libc_nano.a(lib_a-fwalk.o)
 .debug_frame   0x00000000000028bc       0x58 /usr/bin/../lib/gcc/arm-none-eabi/7.2.1/../../../../arm-none-eabi/lib/thumb/v7-m/libc_nano.a(lib_a-makebuf.o)
 .debug_frame   0x0000000000002914       0x38 /usr/bin/../lib/gcc/arm-none-eabi/7.2.1/../../../../arm-none-eabi/lib/thumb/v7-m/libc_nano.a(lib_a-nano-freer.o)
 .debug_frame   0x000000000000294c       0x2c /usr/bin/../lib/gcc/arm-none-eabi/7.2.1/../../../../arm-none-eabi/lib/thumb/v7-m/libc_nano.a(lib_a-nano-mallocr.o)
 .debug_frame   0x0000000000002978       0xac /usr/bin/../lib/gcc/arm-none-eabi/7.2.1/../../../../arm-none-eabi/lib/thumb/v7-m/libc_nano.a(lib_a-nano-vfprintf.o)
 .debug_frame   0x0000000000002a24       0x60 /usr/bin/../lib/gcc/arm-none-eabi/7.2.1/../../../../arm-none-eabi/lib/thumb/v7-m/libc_nano.a(lib_a-nano-vfprintf_i.o)
 .debug_frame   0x0000000000002a84       0x2c /usr/bin/../lib/gcc/arm-none-eabi/7.2.1/../../../../arm-none-eabi/lib/thumb/v7-m/libc_nano.a(lib_a-sbrkr.o)
 .debug_frame   0x0000000000002ab0       0x88 /usr/bin/../lib/gcc/arm-none-eabi/7.2.1/../../../../arm-none-eabi/lib/thumb/v7-m/libc_nano.a(lib_a-stdio.o)
 .debug_frame   0x0000000000002b38       0x2c /usr/bin/../lib/gcc/arm-none-eabi/7.2.1/../../../../arm-none-eabi/lib/thumb/v7-m/libc_nano.a(lib_a-writer.o)
 .debug_frame   0x0000000000002b64       0x2c /usr/bin/../lib/gcc/arm-none-eabi/7.2.1/../../../../arm-none-eabi/lib/thumb/v7-m/libc_nano.a(lib_a-closer.o)
 .debug_frame   0x0000000000002b90       0x2c /usr/bin/../lib/gcc/arm-none-eabi/7.2.1/../../../../arm-none-eabi/lib/thumb/v7-m/libc_nano.a(lib_a-fstatr.o)
 .debug_frame   0x0000000000002bbc       0x2c /usr/bin/../lib/gcc/arm-none-eabi/7.2.1/../../../../arm-none-eabi/lib/thumb/v7-m/libc_nano.a(lib_a-isattyr.o)
 .debug_frame   0x0000000000002be8       0x2c /usr/bin/../lib/gcc/arm-none-eabi/7.2.1/../../../../arm-none-eabi/lib/thumb/v7-m/libc_nano.a(lib_a-lseekr.o)
 .debug_frame   0x0000000000002c14       0x28 /usr/bin/../lib/gcc/arm-none-eabi/7.2.1/../../../../arm-none-eabi/lib/thumb/v7-m/libc_nano.a(lib_a-memchr-stub.o)
 .debug_frame   0x0000000000002c3c       0x30 /usr/bin/../lib/gcc/arm-none-eabi/7.2.1/../../../../arm-none-eabi/lib/thumb/v7-m/libc_nano.a(lib_a-mlock.o)
 .debug_frame   0x0000000000002c6c       0x2c /usr/bin/../lib/gcc/arm-none-eabi/7.2.1/../../../../arm-none-eabi/lib/thumb/v7-m/libc_nano.a(lib_a-readr.o)

Cross Reference Table

Symbol                                            File
ADC1_2_IRQHandler                                 build/stm32f1xx_it.o
ADC_ConversionStop_Disable                        build/stm32f1xx_hal_adc.o
                                                  build/stm32f1xx_hal_adc_ex.o
ADC_DMAConvCplt                                   build/stm32f1xx_hal_adc.o
                                                  build/stm32f1xx_hal_adc_ex.o
ADC_DMAError                                      build/stm32f1xx_hal_adc.o
                                                  build/stm32f1xx_hal_adc_ex.o
ADC_DMAHalfConvCplt                               build/stm32f1xx_hal_adc.o
                                                  build/stm32f1xx_hal_adc_ex.o
ADC_Enable                                        build/stm32f1xx_hal_adc.o
                                                  build/stm32f1xx_hal_adc_ex.o
ADC_Init                                          build/bsp_adc.o
                                                  build/main.o
AHBPrescTable                                     build/system_stm32f1xx.o
                                                  build/stm32f1xx_hal_rcc.o
APBPrescTable                                     build/system_stm32f1xx.o
                                                  build/stm32f1xx_hal_rcc.o
BLDC_CheckZeroCrossCallback                       build/bldc.o
                                                  build/stm32f1xx_it.o
BLDC_CommCallback                                 build/bldc.o
                                                  build/stm32f1xx_it.o
BLDC_CommPWM                                      build/comm.o
                                                  build/bldc.o
BLDC_StartAdc                                     build/adc.o
                                                  build/bldc.o
BLDC_StartAutoComm                                build/comm.o
                                                  build/bldc.o
BLDC_StartPWM                                     build/pwm.o
                                                  build/bldc.o
BLDC_StartUp                                      build/bldc.o
BLDC_StopAdc                                      build/adc.o
                                                  build/bldc.o
BLDC_StopAutoComm                                 build/comm.o
                                                  build/bldc.o
BLDC_StopPWM                                      build/pwm.o
                                                  build/bldc.o
BLDC_TaskCallback                                 build/bldc.o
                                                  build/stm32f1xx_it.o
BLDC_UpdateCommPeriod                             build/comm.o
                                                  build/bldc.o
BLDC_UpdatePwmDuty                                build/pwm.o
                                                  build/bldc.o
BSP_Init                                          build/stm32f1_easyco.o
                                                  build/main.o
BemfAdcIndexTable                                 build/bldc.o
BemfDirTable                                      build/bldc.o
Bldc                                              build/bldc.o
                                                  build/stm32f1xx_it.o
                                                  build/bsp_adc.o
BusFault_Handler                                  build/stm32f1xx_it.o
Button_IsPush                                     build/stm32f1_easyco.o
                                                  build/bldc.o
CAN1_RX1_IRQHandler                               build/startup_stm32f103xb.o
CAN1_SCE_IRQHandler                               build/startup_stm32f103xb.o
DMA1_Channel1_IRQHandler                          build/stm32f1xx_it.o
DMA1_Channel2_IRQHandler                          build/startup_stm32f103xb.o
DMA1_Channel3_IRQHandler                          build/startup_stm32f103xb.o
DMA1_Channel4_IRQHandler                          build/startup_stm32f103xb.o
DMA1_Channel5_IRQHandler                          build/startup_stm32f103xb.o
DMA1_Channel6_IRQHandler                          build/startup_stm32f103xb.o
DMA1_Channel7_IRQHandler                          build/startup_stm32f103xb.o
DebugMon_Handler                                  build/stm32f1xx_it.o
Default_Handler                                   build/startup_stm32f103xb.o
EXTI0_IRQHandler                                  build/startup_stm32f103xb.o
EXTI15_10_IRQHandler                              build/startup_stm32f103xb.o
EXTI1_IRQHandler                                  build/startup_stm32f103xb.o
EXTI2_IRQHandler                                  build/startup_stm32f103xb.o
EXTI3_IRQHandler                                  build/startup_stm32f103xb.o
EXTI4_IRQHandler                                  build/startup_stm32f103xb.o
EXTI9_5_IRQHandler                                build/startup_stm32f103xb.o
Error_Handler                                     build/system.o
FLASH_IRQHandler                                  build/startup_stm32f103xb.o
FLASH_PageErase                                   build/stm32f1xx_hal_flash_ex.o
                                                  build/stm32f1xx_hal_flash.o
FLASH_WaitForLastOperation                        build/stm32f1xx_hal_flash.o
                                                  build/stm32f1xx_hal_flash_ex.o
HAL_ADCEx_Calibration_Start                       build/stm32f1xx_hal_adc_ex.o
                                                  build/bsp_adc.o
HAL_ADCEx_InjectedConfigChannel                   build/stm32f1xx_hal_adc_ex.o
                                                  build/bsp_adc.o
HAL_ADCEx_InjectedConvCpltCallback                build/stm32f1xx_hal_adc_ex.o
                                                  build/stm32f1xx_hal_adc.o
HAL_ADCEx_InjectedGetValue                        build/stm32f1xx_hal_adc_ex.o
HAL_ADCEx_InjectedPollForConversion               build/stm32f1xx_hal_adc_ex.o
HAL_ADCEx_InjectedStart                           build/stm32f1xx_hal_adc_ex.o
HAL_ADCEx_InjectedStart_IT                        build/stm32f1xx_hal_adc_ex.o
HAL_ADCEx_InjectedStop                            build/stm32f1xx_hal_adc_ex.o
HAL_ADCEx_InjectedStop_IT                         build/stm32f1xx_hal_adc_ex.o
HAL_ADCEx_MultiModeConfigChannel                  build/stm32f1xx_hal_adc_ex.o
HAL_ADCEx_MultiModeGetValue                       build/stm32f1xx_hal_adc_ex.o
HAL_ADCEx_MultiModeStart_DMA                      build/stm32f1xx_hal_adc_ex.o
HAL_ADCEx_MultiModeStop_DMA                       build/stm32f1xx_hal_adc_ex.o
HAL_ADC_AnalogWDGConfig                           build/stm32f1xx_hal_adc.o
HAL_ADC_ConfigChannel                             build/stm32f1xx_hal_adc.o
                                                  build/bsp_adc.o
HAL_ADC_ConvCpltCallback                          build/stm32f1xx_hal_adc.o
HAL_ADC_ConvHalfCpltCallback                      build/stm32f1xx_hal_adc.o
HAL_ADC_DeInit                                    build/stm32f1xx_hal_adc.o
HAL_ADC_ErrorCallback                             build/stm32f1xx_hal_adc.o
HAL_ADC_GetError                                  build/stm32f1xx_hal_adc.o
HAL_ADC_GetState                                  build/stm32f1xx_hal_adc.o
HAL_ADC_GetValue                                  build/stm32f1xx_hal_adc.o
HAL_ADC_IRQHandler                                build/stm32f1xx_hal_adc.o
HAL_ADC_Init                                      build/stm32f1xx_hal_adc.o
                                                  build/bsp_adc.o
HAL_ADC_LevelOutOfWindowCallback                  build/stm32f1xx_hal_adc.o
HAL_ADC_MspDeInit                                 build/stm32f1xx_hal_adc.o
HAL_ADC_MspInit                                   build/stm32f1xx_hal_adc.o
HAL_ADC_PollForConversion                         build/stm32f1xx_hal_adc.o
HAL_ADC_PollForEvent                              build/stm32f1xx_hal_adc.o
HAL_ADC_Start                                     build/stm32f1xx_hal_adc.o
HAL_ADC_Start_DMA                                 build/stm32f1xx_hal_adc.o
HAL_ADC_Start_IT                                  build/stm32f1xx_hal_adc.o
HAL_ADC_Stop                                      build/stm32f1xx_hal_adc.o
HAL_ADC_Stop_DMA                                  build/stm32f1xx_hal_adc.o
HAL_ADC_Stop_IT                                   build/stm32f1xx_hal_adc.o
HAL_DBGMCU_DisableDBGSleepMode                    build/stm32f1xx_hal.o
HAL_DBGMCU_DisableDBGStandbyMode                  build/stm32f1xx_hal.o
HAL_DBGMCU_DisableDBGStopMode                     build/stm32f1xx_hal.o
HAL_DBGMCU_EnableDBGSleepMode                     build/stm32f1xx_hal.o
HAL_DBGMCU_EnableDBGStandbyMode                   build/stm32f1xx_hal.o
HAL_DBGMCU_EnableDBGStopMode                      build/stm32f1xx_hal.o
HAL_DMA_Abort                                     build/stm32f1xx_hal_dma.o
                                                  build/stm32f1xx_hal_usart.o
                                                  build/stm32f1xx_hal_uart.o
                                                  build/stm32f1xx_hal_tim.o
                                                  build/stm32f1xx_hal_adc_ex.o
                                                  build/stm32f1xx_hal_adc.o
HAL_DMA_DeInit                                    build/stm32f1xx_hal_dma.o
HAL_DMA_GetError                                  build/stm32f1xx_hal_dma.o
HAL_DMA_GetState                                  build/stm32f1xx_hal_dma.o
HAL_DMA_IRQHandler                                build/stm32f1xx_hal_dma.o
HAL_DMA_Init                                      build/stm32f1xx_hal_dma.o
                                                  build/bsp_adc.o
HAL_DMA_PollForTransfer                           build/stm32f1xx_hal_dma.o
HAL_DMA_Start                                     build/stm32f1xx_hal_dma.o
HAL_DMA_Start_IT                                  build/stm32f1xx_hal_dma.o
                                                  build/stm32f1xx_hal_usart.o
                                                  build/stm32f1xx_hal_uart.o
                                                  build/stm32f1xx_hal_tim.o
                                                  build/stm32f1xx_hal_tim_ex.o
                                                  build/stm32f1xx_hal_adc_ex.o
                                                  build/stm32f1xx_hal_adc.o
HAL_DeInit                                        build/stm32f1xx_hal.o
HAL_Delay                                         build/stm32f1xx_hal.o
                                                  build/stm32f1xx_hal_rcc.o
HAL_FLASHEx_Erase                                 build/stm32f1xx_hal_flash_ex.o
HAL_FLASHEx_Erase_IT                              build/stm32f1xx_hal_flash_ex.o
HAL_FLASHEx_OBErase                               build/stm32f1xx_hal_flash_ex.o
HAL_FLASHEx_OBGetConfig                           build/stm32f1xx_hal_flash_ex.o
HAL_FLASHEx_OBGetUserData                         build/stm32f1xx_hal_flash_ex.o
HAL_FLASHEx_OBProgram                             build/stm32f1xx_hal_flash_ex.o
HAL_FLASH_EndOfOperationCallback                  build/stm32f1xx_hal_flash.o
HAL_FLASH_GetError                                build/stm32f1xx_hal_flash.o
HAL_FLASH_IRQHandler                              build/stm32f1xx_hal_flash.o
HAL_FLASH_Lock                                    build/stm32f1xx_hal_flash.o
HAL_FLASH_OB_Launch                               build/stm32f1xx_hal_flash.o
HAL_FLASH_OB_Lock                                 build/stm32f1xx_hal_flash.o
HAL_FLASH_OB_Unlock                               build/stm32f1xx_hal_flash.o
HAL_FLASH_OperationErrorCallback                  build/stm32f1xx_hal_flash.o
HAL_FLASH_Program                                 build/stm32f1xx_hal_flash.o
HAL_FLASH_Program_IT                              build/stm32f1xx_hal_flash.o
HAL_FLASH_Unlock                                  build/stm32f1xx_hal_flash.o
HAL_GPIOEx_ConfigEventout                         build/stm32f1xx_hal_gpio_ex.o
HAL_GPIOEx_DisableEventout                        build/stm32f1xx_hal_gpio_ex.o
HAL_GPIOEx_EnableEventout                         build/stm32f1xx_hal_gpio_ex.o
HAL_GPIO_DeInit                                   build/stm32f1xx_hal_gpio.o
HAL_GPIO_EXTI_Callback                            build/stm32f1xx_hal_gpio.o
HAL_GPIO_EXTI_IRQHandler                          build/stm32f1xx_hal_gpio.o
HAL_GPIO_Init                                     build/stm32f1xx_hal_gpio.o
                                                  build/stm32f1_easyco.o
                                                  build/stm32f1xx_hal_rcc.o
HAL_GPIO_LockPin                                  build/stm32f1xx_hal_gpio.o
HAL_GPIO_ReadPin                                  build/stm32f1xx_hal_gpio.o
                                                  build/stm32f1_easyco.o
HAL_GPIO_TogglePin                                build/stm32f1xx_hal_gpio.o
                                                  build/bldc.o
HAL_GPIO_WritePin                                 build/stm32f1xx_hal_gpio.o
HAL_GetDEVID                                      build/stm32f1xx_hal.o
HAL_GetHalVersion                                 build/stm32f1xx_hal.o
HAL_GetREVID                                      build/stm32f1xx_hal.o
HAL_GetTick                                       build/stm32f1xx_hal.o
                                                  build/stm32f1xx_hal_usart.o
                                                  build/stm32f1xx_hal_uart.o
                                                  build/stm32f1xx_hal_dma.o
                                                  build/stm32f1xx_hal_rcc_ex.o
                                                  build/stm32f1xx_hal_rcc.o
                                                  build/stm32f1xx_hal_flash.o
                                                  build/stm32f1xx_hal_adc_ex.o
                                                  build/stm32f1xx_hal_adc.o
HAL_HalfDuplex_EnableReceiver                     build/stm32f1xx_hal_uart.o
HAL_HalfDuplex_EnableTransmitter                  build/stm32f1xx_hal_uart.o
HAL_HalfDuplex_Init                               build/stm32f1xx_hal_uart.o
HAL_IncTick                                       build/stm32f1xx_hal.o
                                                  build/stm32f1xx_it.o
HAL_Init                                          build/stm32f1xx_hal.o
                                                  build/main.o
HAL_InitTick                                      build/stm32f1xx_hal.o
                                                  build/stm32f1xx_hal_rcc.o
HAL_LIN_Init                                      build/stm32f1xx_hal_uart.o
HAL_LIN_SendBreak                                 build/stm32f1xx_hal_uart.o
HAL_MspDeInit                                     build/stm32f1xx_hal.o
HAL_MspInit                                       build/stm32f1xx_hal.o
HAL_MultiProcessor_EnterMuteMode                  build/stm32f1xx_hal_uart.o
HAL_MultiProcessor_ExitMuteMode                   build/stm32f1xx_hal_uart.o
HAL_MultiProcessor_Init                           build/stm32f1xx_hal_uart.o
HAL_NVIC_ClearPendingIRQ                          build/stm32f1xx_hal_cortex.o
HAL_NVIC_DisableIRQ                               build/stm32f1xx_hal_cortex.o
HAL_NVIC_EnableIRQ                                build/stm32f1xx_hal_cortex.o
                                                  build/bsp_tim.o
                                                  build/bsp_adc.o
HAL_NVIC_GetActive                                build/stm32f1xx_hal_cortex.o
HAL_NVIC_GetPendingIRQ                            build/stm32f1xx_hal_cortex.o
HAL_NVIC_GetPriority                              build/stm32f1xx_hal_cortex.o
HAL_NVIC_GetPriorityGrouping                      build/stm32f1xx_hal_cortex.o
HAL_NVIC_SetPendingIRQ                            build/stm32f1xx_hal_cortex.o
HAL_NVIC_SetPriority                              build/stm32f1xx_hal_cortex.o
                                                  build/system.o
                                                  build/bsp_tim.o
                                                  build/bsp_adc.o
                                                  build/stm32f1xx_hal.o
HAL_NVIC_SetPriorityGrouping                      build/stm32f1xx_hal_cortex.o
                                                  build/stm32f1xx_hal.o
HAL_NVIC_SystemReset                              build/stm32f1xx_hal_cortex.o
                                                  build/stm32f1xx_hal_flash.o
HAL_PWR_ConfigPVD                                 build/stm32f1xx_hal_pwr.o
HAL_PWR_DeInit                                    build/stm32f1xx_hal_pwr.o
HAL_PWR_DisableBkUpAccess                         build/stm32f1xx_hal_pwr.o
HAL_PWR_DisablePVD                                build/stm32f1xx_hal_pwr.o
HAL_PWR_DisableSEVOnPend                          build/stm32f1xx_hal_pwr.o
HAL_PWR_DisableSleepOnExit                        build/stm32f1xx_hal_pwr.o
HAL_PWR_DisableWakeUpPin                          build/stm32f1xx_hal_pwr.o
HAL_PWR_EnableBkUpAccess                          build/stm32f1xx_hal_pwr.o
HAL_PWR_EnablePVD                                 build/stm32f1xx_hal_pwr.o
HAL_PWR_EnableSEVOnPend                           build/stm32f1xx_hal_pwr.o
HAL_PWR_EnableSleepOnExit                         build/stm32f1xx_hal_pwr.o
HAL_PWR_EnableWakeUpPin                           build/stm32f1xx_hal_pwr.o
HAL_PWR_EnterSLEEPMode                            build/stm32f1xx_hal_pwr.o
HAL_PWR_EnterSTANDBYMode                          build/stm32f1xx_hal_pwr.o
HAL_PWR_EnterSTOPMode                             build/stm32f1xx_hal_pwr.o
HAL_PWR_PVDCallback                               build/stm32f1xx_hal_pwr.o
HAL_PWR_PVD_IRQHandler                            build/stm32f1xx_hal_pwr.o
HAL_RCCEx_GetPeriphCLKConfig                      build/stm32f1xx_hal_rcc_ex.o
HAL_RCCEx_GetPeriphCLKFreq                        build/stm32f1xx_hal_rcc_ex.o
                                                  build/stm32f1xx_hal_adc_ex.o
                                                  build/stm32f1xx_hal_adc.o
HAL_RCCEx_PeriphCLKConfig                         build/stm32f1xx_hal_rcc_ex.o
                                                  build/bsp_adc.o
HAL_RCC_CSSCallback                               build/stm32f1xx_hal_rcc.o
HAL_RCC_ClockConfig                               build/stm32f1xx_hal_rcc.o
                                                  build/system.o
HAL_RCC_DeInit                                    build/stm32f1xx_hal_rcc.o
HAL_RCC_DisableCSS                                build/stm32f1xx_hal_rcc.o
HAL_RCC_EnableCSS                                 build/stm32f1xx_hal_rcc.o
HAL_RCC_GetClockConfig                            build/stm32f1xx_hal_rcc.o
HAL_RCC_GetHCLKFreq                               build/stm32f1xx_hal_rcc.o
                                                  build/system.o
                                                  build/stm32f1xx_hal.o
HAL_RCC_GetOscConfig                              build/stm32f1xx_hal_rcc.o
HAL_RCC_GetPCLK1Freq                              build/stm32f1xx_hal_rcc.o
                                                  build/stm32f1xx_hal_usart.o
                                                  build/stm32f1xx_hal_uart.o
HAL_RCC_GetPCLK2Freq                              build/stm32f1xx_hal_rcc.o
                                                  build/stm32f1xx_hal_usart.o
                                                  build/stm32f1xx_hal_uart.o
                                                  build/stm32f1xx_hal_rcc_ex.o
HAL_RCC_GetSysClockFreq                           build/stm32f1xx_hal_rcc.o
HAL_RCC_MCOConfig                                 build/stm32f1xx_hal_rcc.o
HAL_RCC_NMI_IRQHandler                            build/stm32f1xx_hal_rcc.o
HAL_RCC_OscConfig                                 build/stm32f1xx_hal_rcc.o
                                                  build/system.o
HAL_ResumeTick                                    build/stm32f1xx_hal.o
HAL_SYSTICK_CLKSourceConfig                       build/stm32f1xx_hal_cortex.o
                                                  build/system.o
HAL_SYSTICK_Callback                              build/stm32f1xx_hal_cortex.o
HAL_SYSTICK_Config                                build/stm32f1xx_hal_cortex.o
                                                  build/system.o
                                                  build/stm32f1xx_hal.o
HAL_SYSTICK_IRQHandler                            build/stm32f1xx_hal_cortex.o
HAL_SuspendTick                                   build/stm32f1xx_hal.o
HAL_TIMEx_BreakCallback                           build/stm32f1xx_hal_tim_ex.o
                                                  build/stm32f1xx_hal_tim.o
HAL_TIMEx_CommutationCallback                     build/stm32f1xx_hal_tim_ex.o
                                                  build/stm32f1xx_hal_tim.o
HAL_TIMEx_ConfigBreakDeadTime                     build/stm32f1xx_hal_tim_ex.o
HAL_TIMEx_ConfigCommutationEvent                  build/stm32f1xx_hal_tim_ex.o
HAL_TIMEx_ConfigCommutationEvent_DMA              build/stm32f1xx_hal_tim_ex.o
HAL_TIMEx_ConfigCommutationEvent_IT               build/stm32f1xx_hal_tim_ex.o
HAL_TIMEx_HallSensor_DeInit                       build/stm32f1xx_hal_tim_ex.o
HAL_TIMEx_HallSensor_GetState                     build/stm32f1xx_hal_tim_ex.o
HAL_TIMEx_HallSensor_Init                         build/stm32f1xx_hal_tim_ex.o
HAL_TIMEx_HallSensor_MspDeInit                    build/stm32f1xx_hal_tim_ex.o
HAL_TIMEx_HallSensor_MspInit                      build/stm32f1xx_hal_tim_ex.o
HAL_TIMEx_HallSensor_Start                        build/stm32f1xx_hal_tim_ex.o
HAL_TIMEx_HallSensor_Start_DMA                    build/stm32f1xx_hal_tim_ex.o
HAL_TIMEx_HallSensor_Start_IT                     build/stm32f1xx_hal_tim_ex.o
HAL_TIMEx_HallSensor_Stop                         build/stm32f1xx_hal_tim_ex.o
HAL_TIMEx_HallSensor_Stop_DMA                     build/stm32f1xx_hal_tim_ex.o
HAL_TIMEx_HallSensor_Stop_IT                      build/stm32f1xx_hal_tim_ex.o
HAL_TIMEx_MasterConfigSynchronization             build/stm32f1xx_hal_tim_ex.o
                                                  build/bsp_tim.o
HAL_TIMEx_OCN_Start                               build/stm32f1xx_hal_tim_ex.o
HAL_TIMEx_OCN_Start_DMA                           build/stm32f1xx_hal_tim_ex.o
HAL_TIMEx_OCN_Start_IT                            build/stm32f1xx_hal_tim_ex.o
HAL_TIMEx_OCN_Stop                                build/stm32f1xx_hal_tim_ex.o
HAL_TIMEx_OCN_Stop_DMA                            build/stm32f1xx_hal_tim_ex.o
HAL_TIMEx_OCN_Stop_IT                             build/stm32f1xx_hal_tim_ex.o
HAL_TIMEx_OnePulseN_Start                         build/stm32f1xx_hal_tim_ex.o
HAL_TIMEx_OnePulseN_Start_IT                      build/stm32f1xx_hal_tim_ex.o
HAL_TIMEx_OnePulseN_Stop                          build/stm32f1xx_hal_tim_ex.o
HAL_TIMEx_OnePulseN_Stop_IT                       build/stm32f1xx_hal_tim_ex.o
HAL_TIMEx_PWMN_Start                              build/stm32f1xx_hal_tim_ex.o
HAL_TIMEx_PWMN_Start_DMA                          build/stm32f1xx_hal_tim_ex.o
HAL_TIMEx_PWMN_Start_IT                           build/stm32f1xx_hal_tim_ex.o
HAL_TIMEx_PWMN_Stop                               build/stm32f1xx_hal_tim_ex.o
HAL_TIMEx_PWMN_Stop_DMA                           build/stm32f1xx_hal_tim_ex.o
HAL_TIMEx_PWMN_Stop_IT                            build/stm32f1xx_hal_tim_ex.o
HAL_TIM_Base_DeInit                               build/stm32f1xx_hal_tim.o
HAL_TIM_Base_GetState                             build/stm32f1xx_hal_tim.o
HAL_TIM_Base_Init                                 build/stm32f1xx_hal_tim.o
                                                  build/bsp_tim.o
HAL_TIM_Base_MspDeInit                            build/stm32f1xx_hal_tim.o
HAL_TIM_Base_MspInit                              build/stm32f1xx_hal_tim.o
HAL_TIM_Base_Start                                build/stm32f1xx_hal_tim.o
                                                  build/bsp_tim.o
HAL_TIM_Base_Start_DMA                            build/stm32f1xx_hal_tim.o
HAL_TIM_Base_Start_IT                             build/stm32f1xx_hal_tim.o
HAL_TIM_Base_Stop                                 build/stm32f1xx_hal_tim.o
HAL_TIM_Base_Stop_DMA                             build/stm32f1xx_hal_tim.o
HAL_TIM_Base_Stop_IT                              build/stm32f1xx_hal_tim.o
HAL_TIM_ConfigClockSource                         build/stm32f1xx_hal_tim.o
HAL_TIM_ConfigOCrefClear                          build/stm32f1xx_hal_tim.o
HAL_TIM_ConfigTI1Input                            build/stm32f1xx_hal_tim.o
HAL_TIM_DMABurst_ReadStart                        build/stm32f1xx_hal_tim.o
HAL_TIM_DMABurst_ReadStop                         build/stm32f1xx_hal_tim.o
HAL_TIM_DMABurst_WriteStart                       build/stm32f1xx_hal_tim.o
HAL_TIM_DMABurst_WriteStop                        build/stm32f1xx_hal_tim.o
HAL_TIM_Encoder_DeInit                            build/stm32f1xx_hal_tim.o
HAL_TIM_Encoder_GetState                          build/stm32f1xx_hal_tim.o
HAL_TIM_Encoder_Init                              build/stm32f1xx_hal_tim.o
HAL_TIM_Encoder_MspDeInit                         build/stm32f1xx_hal_tim.o
HAL_TIM_Encoder_MspInit                           build/stm32f1xx_hal_tim.o
HAL_TIM_Encoder_Start                             build/stm32f1xx_hal_tim.o
HAL_TIM_Encoder_Start_DMA                         build/stm32f1xx_hal_tim.o
HAL_TIM_Encoder_Start_IT                          build/stm32f1xx_hal_tim.o
HAL_TIM_Encoder_Stop                              build/stm32f1xx_hal_tim.o
HAL_TIM_Encoder_Stop_DMA                          build/stm32f1xx_hal_tim.o
HAL_TIM_Encoder_Stop_IT                           build/stm32f1xx_hal_tim.o
HAL_TIM_ErrorCallback                             build/stm32f1xx_hal_tim.o
HAL_TIM_GenerateEvent                             build/stm32f1xx_hal_tim.o
HAL_TIM_IC_CaptureCallback                        build/stm32f1xx_hal_tim.o
HAL_TIM_IC_ConfigChannel                          build/stm32f1xx_hal_tim.o
HAL_TIM_IC_DeInit                                 build/stm32f1xx_hal_tim.o
HAL_TIM_IC_GetState                               build/stm32f1xx_hal_tim.o
HAL_TIM_IC_Init                                   build/stm32f1xx_hal_tim.o
HAL_TIM_IC_MspDeInit                              build/stm32f1xx_hal_tim.o